Component: ARM Compiler 5.06 update 7 (build 960) Tool: armlink [4d3601]

==============================================================================

Section Cross References

    startup_stm32f407xx.o(STACK) refers (Special) to heapauxi.o(.text) for __use_two_region_memory
    startup_stm32f407xx.o(HEAP) refers (Special) to heapauxi.o(.text) for __use_two_region_memory
    startup_stm32f407xx.o(RESET) refers (Special) to heapauxi.o(.text) for __use_two_region_memory
    startup_stm32f407xx.o(RESET) refers to startup_stm32f407xx.o(STACK) for __initial_sp
    startup_stm32f407xx.o(RESET) refers to startup_stm32f407xx.o(.text) for Reset_Handler
    startup_stm32f407xx.o(RESET) refers to stm32f4xx_it.o(i.NMI_Handler) for NMI_Handler
    startup_stm32f407xx.o(RESET) refers to stm32f4xx_it.o(i.HardFault_Handler) for HardFault_Handler
    startup_stm32f407xx.o(RESET) refers to stm32f4xx_it.o(i.MemManage_Handler) for MemManage_Handler
    startup_stm32f407xx.o(RESET) refers to stm32f4xx_it.o(i.BusFault_Handler) for BusFault_Handler
    startup_stm32f407xx.o(RESET) refers to stm32f4xx_it.o(i.UsageFault_Handler) for UsageFault_Handler
    startup_stm32f407xx.o(RESET) refers to port.o(.emb_text) for SVC_Handler
    startup_stm32f407xx.o(RESET) refers to stm32f4xx_it.o(i.DebugMon_Handler) for DebugMon_Handler
    startup_stm32f407xx.o(RESET) refers to cmsis_os2.o(i.SysTick_Handler) for SysTick_Handler
    startup_stm32f407xx.o(RESET) refers to stm32f4xx_it.o(i.EXTI0_IRQHandler) for EXTI0_IRQHandler
    startup_stm32f407xx.o(RESET) refers to stm32f4xx_it.o(i.EXTI3_IRQHandler) for EXTI3_IRQHandler
    startup_stm32f407xx.o(RESET) refers to stm32f4xx_it.o(i.EXTI4_IRQHandler) for EXTI4_IRQHandler
    startup_stm32f407xx.o(RESET) refers to stm32f4xx_it.o(i.DMA1_Stream1_IRQHandler) for DMA1_Stream1_IRQHandler
    startup_stm32f407xx.o(RESET) refers to stm32f4xx_it.o(i.CAN1_RX0_IRQHandler) for CAN1_RX0_IRQHandler
    startup_stm32f407xx.o(RESET) refers to stm32f4xx_it.o(i.EXTI9_5_IRQHandler) for EXTI9_5_IRQHandler
    startup_stm32f407xx.o(RESET) refers to stm32f4xx_it.o(i.TIM2_IRQHandler) for TIM2_IRQHandler
    startup_stm32f407xx.o(RESET) refers to stm32f4xx_it.o(i.TIM3_IRQHandler) for TIM3_IRQHandler
    startup_stm32f407xx.o(RESET) refers to stm32f4xx_it.o(i.USART1_IRQHandler) for USART1_IRQHandler
    startup_stm32f407xx.o(RESET) refers to ins_task.o(i.DMA2_Stream2_IRQHandler) for DMA2_Stream2_IRQHandler
    startup_stm32f407xx.o(RESET) refers to stm32f4xx_it.o(i.DMA2_Stream3_IRQHandler) for DMA2_Stream3_IRQHandler
    startup_stm32f407xx.o(RESET) refers to stm32f4xx_it.o(i.CAN2_TX_IRQHandler) for CAN2_TX_IRQHandler
    startup_stm32f407xx.o(RESET) refers to stm32f4xx_it.o(i.CAN2_RX0_IRQHandler) for CAN2_RX0_IRQHandler
    startup_stm32f407xx.o(RESET) refers to stm32f4xx_it.o(i.DMA2_Stream5_IRQHandler) for DMA2_Stream5_IRQHandler
    startup_stm32f407xx.o(RESET) refers to stm32f4xx_it.o(i.DMA2_Stream7_IRQHandler) for DMA2_Stream7_IRQHandler
    startup_stm32f407xx.o(RESET) refers to stm32f4xx_it.o(i.USART6_IRQHandler) for USART6_IRQHandler
    startup_stm32f407xx.o(.text) refers (Special) to heapauxi.o(.text) for __use_two_region_memory
    startup_stm32f407xx.o(.text) refers to system_stm32f4xx.o(i.SystemInit) for SystemInit
    startup_stm32f407xx.o(.text) refers to __main.o(!!!main) for __main
    startup_stm32f407xx.o(.text) refers to startup_stm32f407xx.o(HEAP) for Heap_Mem
    startup_stm32f407xx.o(.text) refers to startup_stm32f407xx.o(STACK) for Stack_Mem
    main.o(i.HAL_TIM_PeriodElapsedCallback) refers to stm32f4xx_hal.o(i.HAL_IncTick) for HAL_IncTick
    main.o(i.HAL_TIM_PeriodElapsedCallback) refers to main.o(.data) for .data
    main.o(i.SystemClock_Config) refers to rt_memclr_w.o(.text) for __aeabi_memclr4
    main.o(i.SystemClock_Config) refers to stm32f4xx_hal_rcc.o(i.HAL_RCC_OscConfig) for HAL_RCC_OscConfig
    main.o(i.SystemClock_Config) refers to stm32f4xx_hal_rcc.o(i.HAL_RCC_ClockConfig) for HAL_RCC_ClockConfig
    main.o(i.main) refers to stm32f4xx_hal.o(i.HAL_Init) for HAL_Init
    main.o(i.main) refers to main.o(i.SystemClock_Config) for SystemClock_Config
    main.o(i.main) refers to delay.o(i.delay_init) for delay_init
    main.o(i.main) refers to delay.o(i.delay_ms) for delay_ms
    main.o(i.main) refers to gpio.o(i.MX_GPIO_Init) for MX_GPIO_Init
    main.o(i.main) refers to dma.o(i.MX_DMA_Init) for MX_DMA_Init
    main.o(i.main) refers to usart.o(i.MX_USART3_UART_Init) for MX_USART3_UART_Init
    main.o(i.main) refers to usart.o(i.MX_USART1_UART_Init) for MX_USART1_UART_Init
    main.o(i.main) refers to can.o(i.MX_CAN1_Init) for MX_CAN1_Init
    main.o(i.main) refers to can.o(i.MX_CAN2_Init) for MX_CAN2_Init
    main.o(i.main) refers to i2c.o(i.MX_I2C3_Init) for MX_I2C3_Init
    main.o(i.main) refers to spi.o(i.MX_SPI1_Init) for MX_SPI1_Init
    main.o(i.main) refers to tim.o(i.MX_TIM1_Init) for MX_TIM1_Init
    main.o(i.main) refers to tim.o(i.MX_TIM3_Init) for MX_TIM3_Init
[...]
    F14x16                                   0x0800dfc2   Data           1  oled.o(.constdata)
    F14x16_Idx                               0x0800dfc3   Data           7  oled.o(.constdata)
    F6x8                                     0x0800dfca   Data         552  oled.o(.constdata)
    F8X16                                    0x0800e1f2   Data        1520  oled.o(.constdata)
    INS_Task_attr                            0x0800e7f0   Data          36  start_task.o(.constdata)
    Gimbal_Task_attr                         0x0800e814   Data          36  start_task.o(.constdata)
    Shoot_Task_attr                          0x0800e838   Data          36  start_task.o(.constdata)
    Connect_Task_attr                        0x0800e85c   Data          36  start_task.o(.constdata)
    Test_Task_attr                           0x0800e880   Data          36  start_task.o(.constdata)
    Monitor_Task_attr                        0x0800e8a4   Data          36  start_task.o(.constdata)
    adjust_Task_attr                         0x0800e8c8   Data          36  start_task.o(.constdata)
    __mathlib_zero                           0x0800e988   Data           8  qnan.o(.constdata)
    Region$$Table$$Base                      0x0800ea74   Number         0  anon$$obj.o(Region$$Table)
    Region$$Table$$Limit                     0x0800ea94   Number         0  anon$$obj.o(Region$$Table)
    getflag                                  0x20000000   Data           1  main.o(.data)
    value                                    0x20000004   Data           4  main.o(.data)
    defaultTaskHandle                        0x20000008   Data           4  freertos.o(.data)
    Start_Task_Handler                       0x2000000c   Data           4  freertos.o(.data)
    can1_rx_data                             0x20000014   Data           8  can.o(.data)
    can2_rx_data                             0x2000001c   Data           8  can.o(.data)
    can1_tx_data                             0x20000024   Data           8  can.o(.data)
    can2_tx_data                             0x2000002c   Data           8  can.o(.data)
    freertos_run_time                        0x20000038   Data           8  tim.o(.data)
    ccc                                      0x20000044   Data           4  usart.o(.data)
    ffflag                                   0x20000048   Data           1  stm32f4xx_it.o(.data)
    abuffer                                  0x20000049   Data           1  stm32f4xx_it.o(.data)
    uwTickFreq                               0x2000004c   Data           1  stm32f4xx_hal.o(.data)
    uwTickPrio                               0x20000050   Data           4  stm32f4xx_hal.o(.data)
    uwTick                                   0x20000054   Data           4  stm32f4xx_hal.o(.data)
    SystemCoreClock                          0x2000005c   Data           4  system_stm32f4xx.o(.data)
    pxCurrentTCB                             0x20000060   Data           4  tasks.o(.data)
    aaa                                      0x200000e8   Data           4  can2_app.o(.data)
    aData1                                   0x200000ec   Data           4  can2_app.o(.data)
    newValue                                 0x200000f0   Data           4  can2_app.o(.data)
    twoKp                                    0x200000f4   Data           4  mahonyahrs.o(.data)
    twoKi                                    0x200000f8   Data           4  mahonyahrs.o(.data)
    integralFBx                              0x200000fc   Data           4  mahonyahrs.o(.data)
    integralFBy                              0x20000100   Data           4  mahonyahrs.o(.data)
    integralFBz                              0x20000104   Data           4  mahonyahrs.o(.data)
    cali_gimbal_pid                          0x20000108   Data         128  pid.o(.data)
    cali_shoot_pid                           0x20000188   Data         128  pid.o(.data)
    BMI088_ACCEL_SEN                         0x20000208   Data           4  bmi088driver.o(.data)
    BMI088_GYRO_SEN                          0x2000020c   Data           4  bmi088driver.o(.data)
    bbb                                      0x20000234   Data           4  connect_task.o(.data)
    robot_control_mode                       0x20000238   Data           1  gimbal_task.o(.data)
    gimbal_position_init_finish_flag         0x20000239   Data           1  gimbal_task.o(.data)
    stop_rotate_flag                         0x2000023a   Data           1  gimbal_task.o(.data)
    vision_flag                              0x2000023b   Data           1  gimbal_task.o(.data)
    last_work_mode                           0x2000023c   Data           1  gimbal_task.o(.data)
    robot_work_mode                          0x2000023d   Data           1  gimbal_task.o(.data)
    gimbal_work_mode                         0x2000023e   Data           1  gimbal_task.o(.data)
    last_rotate_flag                         0x2000023f   Data           1  gimbal_task.o(.data)
    work_mode_change                         0x20000240   Data           1  gimbal_task.o(.data)
    work_mode                                0x20000241   Data           1  gimbal_task.o(.data)
    rotate_break_flag                        0x20000242   Data           1  gimbal_task.o(.data)
    WINDOW_SIZE                              0x20000244   Data           2  gimbal_task.o(.data)
    delta_pitch_dev_y1                       0x20000248   Data           4  gimbal_task.o(.data)
    delta_pitch_dev_y2                       0x2000024c   Data           4  gimbal_task.o(.data)
    gimbal_yaw_fdb1                          0x20000250   Data           4  gimbal_task.o(.data)
    yaw_delta                                0x20000254   Data           4  gimbal_task.o(.data)
    out                                      0x20000258   Data           4  gimbal_task.o(.data)
    yaw_sensit                               0x2000025c   Data           4  gimbal_task.o(.data)
    tt                                       0x20000260   Data           4  gimbal_task.o(.data)
    delta_yaw_dev                            0x20000264   Data           4  gimbal_task.o(.data)
    delta_pitch_dev                          0x20000268   Data           4  gimbal_task.o(.data)
    gyroy_aver                               0x2000026c   Data           4  gimbal_task.o(.data)
    rotate_speed_angle                       0x20000270   Data           4  gimbal_task.o(.data)
    delta_yaw                                0x20000274   Data          92  gimbal_task.o(.data)
    delta_pitch                              0x200002d0   Data          92  gimbal_task.o(.data)
    gyro_update_flag                         0x2000032c   Data           1  ins_task.o(.data)
    accel_update_flag                        0x2000032d   Data           1  ins_task.o(.data)
    accel_temp_update_flag                   0x2000032e   Data           1  ins_task.o(.data)
    mag_update_flag                          0x2000032f   Data           1  ins_task.o(.data)
    imu_start_dma_flag                       0x20000330   Data           1  ins_task.o(.data)
    accel_temp_dma_tx_buf                    0x20000333   Data           4  ins_task.o(.data)
    accel_temp_dma_rx_buf                    0x20000340   Data           4  ins_task.o(.data)
    yaw_temp                                 0x20000344   Data           4  ins_task.o(.data)
    last_yaw_temp                            0x20000348   Data           4  ins_task.o(.data)
    yaw_cnt                                  0x2000034c   Data           4  ins_task.o(.data)
    gyro_dma_tx_buf                          0x20000350   Data           8  ins_task.o(.data)
    gyro_dma_rx_buf                          0x20000358   Data           8  ins_task.o(.data)
    accel_dma_tx_buf                         0x20000360   Data           9  ins_task.o(.data)
    gyro_scale_factor                        0x2000036c   Data          36  ins_task.o(.data)
    accel_scale_factor                       0x20000390   Data          36  ins_task.o(.data)
    mag_scale_factor                         0x200003b4   Data          36  ins_task.o(.data)
    task_suspend_flag                        0x200003d8   Data           1  monitor_task.o(.data)
    Timer_100MS_Task_Handler                 0x200003dc   Data           4  monitor_task.o(.data)
    monitor                                  0x200003e0   Data         104  monitor_task.o(.data)
    flaga                                    0x20000448   Data           1  shoot_task.o(.data)
    fric_mode                                0x2000044b   Data           1  shoot_task.o(.data)
    shoot_mode                               0x2000044c   Data           1  shoot_task.o(.data)
    last_yaw_sign                            0x2000044d   Data           1  shoot_task.o(.data)
    vision_shoot                             0x2000044e   Data           1  shoot_task.o(.data)
    long_shoot                               0x20000450   Data           2  shoot_task.o(.data)
    a                                        0x20000458   Data           4  shoot_task.o(.data)
    INS_Task_Handler                         0x2000045c   Data           4  start_task.o(.data)
    Gimbal_Task_Handler                      0x20000460   Data           4  start_task.o(.data)
    Shoot_Task_Handler                       0x20000464   Data           4  start_task.o(.data)
    Connect_Task_Handler                     0x20000468   Data           4  start_task.o(.data)
    Test_Task_Handler                        0x2000046c   Data           4  start_task.o(.data)
    Monitor_Task_Handler                     0x20000470   Data           4  start_task.o(.data)
    adjust_Task_Handler                      0x20000474   Data           4  start_task.o(.data)
    Usart_Cnt                                0x20000478   Data           1  adjust_task.o(.data)
    i                                        0x20000479   Data           1  adjust_task.o(.data)
    scale                                    0x2000047a   Data           2  adjust_task.o(.data)
    result                                   0x2000047c   Data           4  adjust_task.o(.data)
    can1_rx_header                           0x20000480   Data          28  can.o(.bss)
    can2_rx_header                           0x2000049c   Data          28  can.o(.bss)
    hcan1                                    0x200004b8   Data          40  can.o(.bss)
    hcan2                                    0x200004e0   Data          40  can.o(.bss)
    can1_tx_header                           0x20000508   Data          24  can.o(.bss)
    can2_tx_header                           0x20000520   Data          24  can.o(.bss)
    can2_cmd_header                          0x20000538   Data          24  can.o(.bss)
    hi2c3                                    0x20000550   Data          84  i2c.o(.bss)
    hspi1                                    0x200005a4   Data          88  spi.o(.bss)
    hdma_spi1_rx                             0x200005fc   Data          96  spi.o(.bss)
    hdma_spi1_tx                             0x2000065c   Data          96  spi.o(.bss)
    htim1                                    0x200006bc   Data          72  tim.o(.bss)
    htim3                                    0x20000704   Data          72  tim.o(.bss)
    htim4                                    0x2000074c   Data          72  tim.o(.bss)
    htim10                                   0x20000794   Data          72  tim.o(.bss)
    usart3_remote_data                       0x200007dc   Data          36  usart.o(.bss)
    PCrx                                     0x20000800   Data          16  usart.o(.bss)
    control_data                             0x20000810   Data          40  usart.o(.bss)
    huart1                                   0x20000838   Data          68  usart.o(.bss)
    huart3                                   0x2000087c   Data          68  usart.o(.bss)
    huart6                                   0x200008c0   Data          68  usart.o(.bss)
    hdma_usart1_rx                           0x20000904   Data          96  usart.o(.bss)
    hdma_usart1_tx                           0x20000964   Data          96  usart.o(.bss)
    hdma_usart3_rx                           0x200009c4   Data          96  usart.o(.bss)
    hdma_usart6_rx                           0x20000a24   Data          96  usart.o(.bss)
    Receive                                  0x20000a84   Data          20  stm32f4xx_it.o(.bss)
    htim2                                    0x20000a98   Data          72  stm32f4xx_hal_timebase_tim.o(.bss)
    xQueueRegistry                           0x20000ae0   Data          64  queue.o(.bss)
    rc_ctrl_data                             0x200077c4   Data          32  remote_app.o(.bss)
    rc_analog_key                            0x200077e4   Data          12  remote_app.o(.bss)
    fric_motor1_msg                          0x200077f0   Data          80  can1_app.o(.bss)
    fric_motor2_msg                          0x20007840   Data          80  can1_app.o(.bss)
    trigger_motor_msg                        0x20007890   Data          80  can1_app.o(.bss)
    yaw_motor_msg                            0x200078e0   Data          80  can2_app.o(.bss)
    pitch_motor_msg                          0x20007930   Data          80  can2_app.o(.bss)
    Judge_data                               0x20007980   Data          20  can2_app.o(.bss)
    odem_data                                0x20007994   Data          28  can2_app.o(.bss)
    shoot_mag                                0x200079b0   Data          10  rule.o(.bss)
    connect_data                             0x200079bc   Data          32  connect_task.o(.bss)
    vision_tx_data                           0x200079dc   Data          18  connect_task.o(.bss)
    tx_data                                  0x200079ee   Data          22  connect_task.o(.bss)
    radar_tx_data                            0x20007a04   Data          30  connect_task.o(.bss)
    radar_cmd_data                           0x20007a22   Data          30  connect_task.o(.bss)
    gimbal_pid                               0x20007a40   Data         368  gimbal_task.o(.bss)
    gimbal_control_data                      0x20007bb0   Data          48  gimbal_task.o(.bss)
    INS_gyro                                 0x20007c04   Data          12  ins_task.o(.bss)
    INS_angle                                0x20007c38   Data          12  ins_task.o(.bss)
    INS                                      0x20007c44   Data          24  ins_task.o(.bss)
    accel_dma_rx_buf                         0x20007c5c   Data           9  ins_task.o(.bss)
    bmi088_real_data                         0x20007c68   Data          36  ins_task.o(.bss)
    gyro_offset                              0x20007c8c   Data          12  ins_task.o(.bss)
    accel_offset                             0x20007c98   Data          12  ins_task.o(.bss)
    ist8310_real_data                        0x20007ca4   Data          16  ins_task.o(.bss)
    mag_offset                               0x20007cb4   Data          12  ins_task.o(.bss)
    shoot_pid                                0x20007d08   Data         368  shoot_task.o(.bss)
    shoot_control_data                       0x20007e78   Data          72  shoot_task.o(.bss)
    ch                                       0x20007ec0   Data         400  test_task.o(.bss)
    Usart_Receive                            0x20008050   Data          10  adjust_task.o(.bss)
    Usart_Receive1                           0x2000805a   Data          10  adjust_task.o(.bss)
    __libspace_start                         0x20008064   Data          96  libspace.o(.bss)
    __temporary_stack_top$libspace           0x200080c4   Data           0  libspace.o(.bss)



==============================================================================

Memory Map of the image

  Image Entry point : 0x08000189

  Load Region LR_IROM1 (Base: 0x08000000, Size: 0x0000ef14, Max: 0x00100000, ABSOLUTE, COMPRESSED[0x0000eb9c])

    Execution Region ER_IROM1 (Exec base: 0x08000000, Load base: 0x08000000, Size: 0x0000ea94, Max: 0x00100000, ABSOLUTE)

    Exec Addr    Load Addr    Size         Type   Attr      Idx    E Section Name        Object

    0x08000000   0x08000000   0x00000188   Data   RO            3    RESET               startup_stm32f407xx.o
    0x08000188   0x08000188   0x00000008   Code   RO         8655  * !!!main             c_w.l(__main.o)
    0x08000190   0x08000190   0x00000034   Code   RO         9117    !!!scatter          c_w.l(__scatter.o)
    0x080001c4   0x080001c4   0x0000005a   Code   RO         9115    !!dczerorl2         c_w.l(__dczerorl2.o)
    0x0800021e   0x0800021e   0x00000002   PAD
    0x08000220   0x08000220   0x0000001c   Code   RO         9119    !!handler_zi        c_w.l(__scatter_zi.o)
    0x0800023c   0x0800023c   0x00000000   Code   RO         8636    .ARM.Collect$$_printf_percent$$00000000  c_w.l(_printf_percent.o)
    0x0800023c   0x0800023c   0x00000006   Code   RO         8635    .ARM.Collect$$_printf_percent$$0000000A  c_w.l(_printf_u.o)
    0x08000242   0x08000242   0x00000004   Code   RO         8809    .ARM.Collect$$_printf_percent$$00000017  c_w.l(_printf_percent_end.o)
    0x08000246   0x08000246   0x00000002   Code   RO         8979    .ARM.Collect$$libinit$$00000000  c_w.l(libinit.o)
    0x08000248   0x08000248   0x00000004   Code   RO         8997    .ARM.Collect$$libinit$$00000001  c_w.l(libinit2.o)
    0x0800024c   0x0800024c   0x00000000   Code   RO         9000    .ARM.Collect$$libinit$$00000004  c_w.l(libinit2.o)
    0x0800024c   0x0800024c   0x00000000   Code   RO         9003    .ARM.Collect$$libinit$$0000000A  c_w.l(libinit2.o)
    0x0800024c   0x0800024c   0x00000000   Code   RO         9005    .ARM.Collect$$libinit$$0000000C  c_w.l(libinit2.o)
    0x0800024c   0x0800024c   0x00000000   Code   RO         9007    .ARM.Collect$$libinit$$0000000E  c_w.l(libinit2.o)
    0x0800024c   0x0800024c   0x00000000   Code   RO         9010    .ARM.Collect$$libinit$$00000011  c_w.l(libinit2.o)
    0x0800024c   0x0800024c   0x00000000   Code   RO         9012    .ARM.Collect$$libinit$$00000013  c_w.l(libinit2.o)
    0x0800024c   0x0800024c   0x00000000   Code   RO         9014    .ARM.Collect$$libinit$$00000015  c_w.l(libinit2.o)
    0x0800024c   0x0800024c   0x00000000   Code   RO         9016    .ARM.Collect$$libinit$$00000017  c_w.l(libinit2.o)
    0x0800024c   0x0800024c   0x00000000   Code   RO         9018    .ARM.Collect$$libinit$$00000019  c_w.l(libinit2.o)
    0x0800024c   0x0800024c   0x00000000   Code   RO         9020    .ARM.Collect$$libinit$$0000001B  c_w.l(libinit2.o)
    0x0800024c   0x0800024c   0x00000000   Code   RO         9022    .ARM.Collect$$libinit$$0000001D  c_w.l(libinit2.o)
    0x0800024c   0x0800024c   0x00000000   Code   RO         9024    .ARM.Collect$$libinit$$0000001F  c_w.l(libinit2.o)
    0x0800024c   0x0800024c   0x00000000   Code   RO         9026    .ARM.Collect$$libinit$$00000021  c_w.l(libinit2.o)
    0x0800024c   0x0800024c   0x00000000   Code   RO         9028    .ARM.Collect$$libinit$$00000023  c_w.l(libinit2.o)
    0x0800024c   0x0800024c   0x00000000   Code   RO         9030    .ARM.Collect$$libinit$$00000025  c_w.l(libinit2.o)
    0x0800024c   0x0800024c   0x00000000   Code   RO         9034    .ARM.Collect$$libinit$$0000002C  c_w.l(libinit2.o)
    0x0800024c   0x0800024c   0x00000000   Code   RO         9036    .ARM.Collect$$libinit$$0000002E  c_w.l(libinit2.o)
    0x0800024c   0x0800024c   0x00000000   Code   RO         9038    .ARM.Collect$$libinit$$00000030  c_w.l(libinit2.o)
    0x0800024c   0x0800024c   0x00000000   Code   RO         9040    .ARM.Collect$$libinit$$00000032  c_w.l(libinit2.o)
    0x0800024c   0x0800024c   0x00000002   Code   RO         9041    .ARM.Collect$$libinit$$00000033  c_w.l(libinit2.o)
    0x0800024e   0x0800024e   0x00000002   Code   RO         9069    .ARM.Collect$$libshutdown$$00000000  c_w.l(libshutdown.o)
    0x08000250   0x08000250   0x00000000   Code   RO         9096    .ARM.Collect$$libshutdown$$00000002  c_w.l(libshutdown2.o)
    0x08000250   0x08000250   0x00000000   Code   RO         9098    .ARM.Collect$$libshutdown$$00000004  c_w.l(libshutdown2.o)
    0x08000250   0x08000250   0x00000000   Code   RO         9100    .ARM.Collect$$libshutdown$$00000006  c_w.l(libshutdown2.o)
    0x08000250   0x08000250   0x00000000   Code   RO         9103    .ARM.Collect$$libshutdown$$00000009  c_w.l(libshutdown2.o)
    0x08000250   0x08000250   0x00000000   Code   RO         9106    .ARM.Collect$$libshutdown$$0000000C  c_w.l(libshutdown2.o)
    0x08000250   0x08000250   0x00000000   Code   RO         9108    .ARM.Collect$$libshutdown$$0000000E  c_w.l(libshutdown2.o)
    0x08000250   0x08000250   0x00000000   Code   RO         9111    .ARM.Collect$$libshutdown$$00000011  c_w.l(libshutdown2.o)
    0x08000250   0x08000250   0x00000002   Code   RO         9112    .ARM.Collect$$libshutdown$$00000012  c_w.l(libshutdown2.o)
    0x08000252   0x08000252   0x00000000   Code   RO         8745    .ARM.Collect$$rtentry$$00000000  c_w.l(__rtentry.o)
    0x08000252   0x08000252   0x00000000   Code   RO         8890    .ARM.Collect$$rtentry$$00000002  c_w.l(__rtentry2.o)
    0x08000252   0x08000252   0x00000006   Code   RO         8902    .ARM.Collect$$rtentry$$00000004  c_w.l(__rtentry4.o)
    0x08000258   0x08000258   0x00000000   Code   RO         8892    .ARM.Collect$$rtentry$$00000009  c_w.l(__rtentry2.o)
    0x08000258   0x08000258   0x00000004   Code   RO         8893    .ARM.Collect$$rtentry$$0000000A  c_w.l(__rtentry2.o)
    0x0800025c   0x0800025c   0x00000000   Code   RO         8895    .ARM.Collect$$rtentry$$0000000C  c_w.l(__rtentry2.o)
    0x0800025c   0x0800025c   0x00000008   Code   RO         8896    .ARM.Collect$$rtentry$$0000000D  c_w.l(__rtentry2.o)
    0x08000264   0x08000264   0x00000002   Code   RO         8984    .ARM.Collect$$rtexit$$00000000  c_w.l(rtexit.o)
    0x08000266   0x08000266   0x00000000   Code   RO         9045    .ARM.Collect$$rtexit$$00000002  c_w.l(rtexit2.o)
    0x08000266   0x08000266   0x00000004   Code   RO         9046    .ARM.Collect$$rtexit$$00000003  c_w.l(rtexit2.o)
    0x0800026a   0x0800026a   0x00000006   Code   RO         9047    .ARM.Collect$$rtexit$$00000004  c_w.l(rtexit2.o)
    0x08000270   0x08000270   0x000000be   Code   RO         6307    .emb_text           port.o
    0x0800032e   0x0800032e   0x00000002   PAD
    0x08000330   0x08000330   0x00000040   Code   RO            4    .text               startup_stm32f407xx.o
    0x08000370   0x08000370   0x00000002   Code   RO         8598    .text               c_w.l(use_no_semi_2.o)
    0x08000372   0x08000372   0x000000ee   Code   RO         8600    .text               c_w.l(lludivv7m.o)
    0x08000460   0x08000460   0x0000002c   Code   RO         8604    .text               c_w.l(__2sprintf.o)
    0x0800048c   0x0800048c   0x00000078   Code   RO         8612    .text               c_w.l(_printf_dec.o)
    0x08000504   0x08000504   0x00000188   Code   RO         8631    .text               c_w.l(__printf_flags_ss_wp.o)
    0x0800068c   0x0800068c   0x00000048   Code   RO         8637    .text               c_w.l(strcpy.o)
    0x080006d4   0x080006d4   0x0000003e   Code   RO         8639    .text               c_w.l(strlen.o)
    0x08000712   0x08000712   0x0000008a   Code   RO         8641    .text               c_w.l(rt_memcpy_v6.o)
    0x0800079c   0x0800079c   0x00000064   Code   RO         8643    .text               c_w.l(rt_memcpy_w.o)
    0x08000800   0x08000800   0x00000010   Code   RO         8647    .text               c_w.l(aeabi_memset.o)
    0x08000810   0x08000810   0x00000044   Code   RO         8649    .text               c_w.l(rt_memclr.o)
    0x08000854   0x08000854   0x0000004e   Code   RO         8651    .text               c_w.l(rt_memclr_w.o)
    0x080008a2   0x080008a2   0x00000006   Code   RO         8653    .text               c_w.l(heapauxi.o)
    0x080008a8   0x080008a8   0x00000002   Code   RO         8743    .text               c_w.l(use_no_semi.o)
    0x080008aa   0x080008aa   0x00000016   Code   RO         8750    .text               c_w.l(_rserrno.o)
    0x080008c0   0x080008c0   0x000000b2   Code   RO         8756    .text               c_w.l(_printf_intcommon.o)
    0x08000972   0x08000972   0x00000002   PAD
    0x08000974   0x08000974   0x00000030   Code   RO         8760    .text               c_w.l(_printf_char_common.o)
    0x080009a4   0x080009a4   0x0000000a   Code   RO         8762    .text               c_w.l(_sputc.o)
    0x080009ae   0x080009ae   0x00000002   PAD
    0x080009b0   0x080009b0   0x00000008   Code   RO         8909    .text               c_w.l(rt_errno_addr_intlibspace.o)
    0x080009b8   0x080009b8   0x00000008   Code   RO         8926    .text               c_w.l(libspace.o)
    0x080009c0   0x080009c0   0x0000004a   Code   RO         8929    .text               c_w.l(sys_stackheap_outer.o)
    0x08000a0a   0x08000a0a   0x00000012   Code   RO         8968    .text               c_w.l(exit.o)
    0x08000a1c   0x08000a1c   0x00000020   Code   RO         8185    i.AHRS_init         ins_task.o
    0x08000a3c   0x08000a3c   0x00000010   Code   RO         8186    i.AHRS_update       ins_task.o
    0x08000a4c   0x08000a4c   0x00000010   Code   RO         7469    i.BMI088_ACCEL_NS_H  bmi088middleware.o
    0x08000a5c   0x08000a5c   0x00000010   Code   RO         7470    i.BMI088_ACCEL_NS_L  bmi088middleware.o
    0x08000a6c   0x08000a6c   0x0000007c   Code   RO         7471    i.BMI088_GPIO_init  bmi088middleware.o
    0x08000ae8   0x08000ae8   0x00000010   Code   RO         7472    i.BMI088_GYRO_NS_H  bmi088middleware.o
    0x08000af8   0x08000af8   0x00000010   Code   RO         7473    i.BMI088_GYRO_NS_L  bmi088middleware.o
    0x08000b08   0x08000b08   0x00000088   Code   RO         7216    i.BMI088_accel_read_over  bmi088driver.o
    0x08000b90   0x08000b90   0x00000002   Code   RO         7474    i.BMI088_com_init   bmi088middleware.o
    0x08000b92   0x08000b92   0x00000004   Code   RO         7475    i.BMI088_delay_ms   bmi088middleware.o
    0x08000b96   0x08000b96   0x00000004   Code   RO         7476    i.BMI088_delay_us   bmi088middleware.o
    0x08000b9a   0x08000b9a   0x00000002   PAD
    0x08000b9c   0x08000b9c   0x00000060   Code   RO         7217    i.BMI088_gyro_read_over  bmi088driver.o
    0x08000bfc   0x08000bfc   0x0000002e   Code   RO         7218    i.BMI088_init       bmi088driver.o
    0x08000c2a   0x08000c2a   0x00000002   PAD
    0x08000c2c   0x08000c2c   0x00000158   Code   RO         7219    i.BMI088_read       bmi088driver.o
    0x08000d84   0x08000d84   0x00000024   Code   RO         7222    i.BMI088_read_muli_reg  bmi088driver.o
    0x08000da8   0x08000da8   0x00000016   Code   RO         7223    i.BMI088_read_single_reg  bmi088driver.o
    0x08000dbe   0x08000dbe   0x00000002   PAD
    0x08000dc0   0x08000dc0   0x00000020   Code   RO         7477    i.BMI088_read_write_byte  bmi088middleware.o
    0x08000de0   0x08000de0   0x0000002e   Code   RO         7224    i.BMI088_temperature_read_over  bmi088driver.o
    0x08000e0e   0x08000e0e   0x00000012   Code   RO         7225    i.BMI088_write_single_reg  bmi088driver.o
    0x08000e20   0x08000e20   0x00000002   Code   RO          801    i.BusFault_Handler  stm32f4xx_it.o
    0x08000e22   0x08000e22   0x00000002   PAD
    0x08000e24   0x08000e24   0x0000000c   Code   RO          802    i.CAN1_RX0_IRQHandler  stm32f4xx_it.o
    0x08000e30   0x08000e30   0x0000000c   Code   RO          803    i.CAN2_RX0_IRQHandler  stm32f4xx_it.o
    0x08000e3c   0x08000e3c   0x0000000c   Code   RO          804    i.CAN2_TX_IRQHandler  stm32f4xx_it.o
    0x08000e48   0x08000e48   0x00000064   Code   RO          366    i.CAN_APP_INIT      can.o
    0x08000eac   0x08000eac   0x00000028   Code   RO         8561    i.Clear_Usart_Receive  adjust_task.o
    0x08000ed4   0x08000ed4   0x00000020   Code   RO          805    i.DMA1_Stream1_IRQHandler  stm32f4xx_it.o
    0x08000ef4   0x08000ef4   0x000002c4   Code   RO         8187    i.DMA2_Stream2_IRQHandler  ins_task.o
    0x080011b8   0x080011b8   0x0000000c   Code   RO          806    i.DMA2_Stream3_IRQHandler  stm32f4xx_it.o
    0x080011c4   0x080011c4   0x0000000c   Code   RO          807    i.DMA2_Stream5_IRQHandler  stm32f4xx_it.o
    0x080011d0   0x080011d0   0x0000000c   Code   RO          808    i.DMA2_Stream7_IRQHandler  stm32f4xx_it.o
    0x080011dc   0x080011dc   0x00000028   Code   RO         1709    i.DMA_CalcBaseAndBitshift  stm32f4xx_hal_dma.o
    0x08001204   0x08001204   0x00000054   Code   RO         1710    i.DMA_CheckFifoParam  stm32f4xx_hal_dma.o
    0x08001258   0x08001258   0x00000028   Code   RO         1711    i.DMA_SetConfig     stm32f4xx_hal_dma.o
    0x08001280   0x08001280   0x00000002   Code   RO          809    i.DebugMon_Handler  stm32f4xx_it.o
    0x08001282   0x08001282   0x00000006   Code   RO          810    i.EXTI0_IRQHandler  stm32f4xx_it.o
    0x08001288   0x08001288   0x00000006   Code   RO          811    i.EXTI3_IRQHandler  stm32f4xx_it.o
    0x0800128e   0x0800128e   0x00000006   Code   RO          812    i.EXTI4_IRQHandler  stm32f4xx_it.o
    0x08001294   0x08001294   0x00000012   Code   RO          813    i.EXTI9_5_IRQHandler  stm32f4xx_it.o
    0x080012a6   0x080012a6   0x00000004   Code   RO           13    i.Error_Handler     main.o
    0x080012aa   0x080012aa   0x00000024   Code   RO         1017    i.HAL_CAN_ActivateNotification  stm32f4xx_hal_can.o
    0x080012ce   0x080012ce   0x000000dc   Code   RO         1018    i.HAL_CAN_AddTxMessage  stm32f4xx_hal_can.o
    0x080013aa   0x080013aa   0x00000002   PAD
    0x080013ac   0x080013ac   0x0000010c   Code   RO         1019    i.HAL_CAN_ConfigFilter  stm32f4xx_hal_can.o
    0x080014b8   0x080014b8   0x00000002   Code   RO         1022    i.HAL_CAN_ErrorCallback  stm32f4xx_hal_can.o
    0x080014ba   0x080014ba   0x000000e8   Code   RO         1025    i.HAL_CAN_GetRxMessage  stm32f4xx_hal_can.o
    0x080015a2   0x080015a2   0x000001fc   Code   RO         1029    i.HAL_CAN_IRQHandler  stm32f4xx_hal_can.o
    0x0800179e   0x0800179e   0x0000011a   Code   RO         1030    i.HAL_CAN_Init      stm32f4xx_hal_can.o
    0x080018b8   0x080018b8   0x0000010c   Code   RO          368    i.HAL_CAN_MspInit   can.o
    0x080019c4   0x080019c4   0x00000002   Code   RO         1037    i.HAL_CAN_RxFifo0FullCallback  stm32f4xx_hal_can.o
    0x080019c6   0x080019c6   0x00000002   PAD
    0x080019c8   0x080019c8   0x0000005c   Code   RO          369    i.HAL_CAN_RxFifo0MsgPendingCallback  can.o
    0x08001a24   0x08001a24   0x00000002   Code   RO         1039    i.HAL_CAN_RxFifo1FullCallback  stm32f4xx_hal_can.o
    0x08001a26   0x08001a26   0x00000002   Code   RO         1040    i.HAL_CAN_RxFifo1MsgPendingCallback  stm32f4xx_hal_can.o
    0x08001a28   0x08001a28   0x00000002   Code   RO         1041    i.HAL_CAN_SleepCallback  stm32f4xx_hal_can.o
    0x08001a2a   0x08001a2a   0x00000002   PAD
    0x08001a2c   0x08001a2c   0x00000058   Code   RO         1042    i.HAL_CAN_Start     stm32f4xx_hal_can.o
    0x08001a84   0x08001a84   0x00000002   Code   RO         1044    i.HAL_CAN_TxMailbox0AbortCallback  stm32f4xx_hal_can.o
    0x08001a86   0x08001a86   0x00000002   Code   RO         1045    i.HAL_CAN_TxMailbox0CompleteCallback  stm32f4xx_hal_can.o
    0x08001a88   0x08001a88   0x00000002   Code   RO         1046    i.HAL_CAN_TxMailbox1AbortCallback  stm32f4xx_hal_can.o
    0x08001a8a   0x08001a8a   0x00000002   Code   RO         1047    i.HAL_CAN_TxMailbox1CompleteCallback  stm32f4xx_hal_can.o
    0x08001a8c   0x08001a8c   0x00000002   Code   RO         1048    i.HAL_CAN_TxMailbox2AbortCallback  stm32f4xx_hal_can.o
    0x08001a8e   0x08001a8e   0x00000002   Code   RO         1049    i.HAL_CAN_TxMailbox2CompleteCallback  stm32f4xx_hal_can.o
    0x08001a90   0x08001a90   0x00000002   Code   RO         1051    i.HAL_CAN_WakeUpFromRxMsgCallback  stm32f4xx_hal_can.o
    0x08001a92   0x08001a92   0x00000092   Code   RO         1712    i.HAL_DMA_Abort     stm32f4xx_hal_dma.o
    0x08001b24   0x08001b24   0x00000024   Code   RO         1713    i.HAL_DMA_Abort_IT  stm32f4xx_hal_dma.o
    0x08001b48   0x08001b48   0x000001a0   Code   RO         1717    i.HAL_DMA_IRQHandler  stm32f4xx_hal_dma.o
    0x08001ce8   0x08001ce8   0x000000d4   Code   RO         1718    i.HAL_DMA_Init      stm32f4xx_hal_dma.o
    0x08001dbc   0x08001dbc   0x0000006e   Code   RO         1722    i.HAL_DMA_Start_IT  stm32f4xx_hal_dma.o
    0x08001e2a   0x08001e2a   0x00000002   PAD
    0x08001e2c   0x08001e2c   0x00000078   Code   RO         8188    i.HAL_GPIO_EXTI_Callback  ins_task.o
    0x08001ea4   0x08001ea4   0x00000018   Code   RO         1604    i.HAL_GPIO_EXTI_IRQHandler  stm32f4xx_hal_gpio.o
    0x08001ebc   0x08001ebc   0x000001f0   Code   RO         1605    i.HAL_GPIO_Init     stm32f4xx_hal_gpio.o
    0x080020ac   0x080020ac   0x0000000a   Code   RO         1609    i.HAL_GPIO_WritePin  stm32f4xx_hal_gpio.o
    0x080020b6   0x080020b6   0x00000002   PAD
    0x080020b8   0x080020b8   0x0000000c   Code   RO         2137    i.HAL_GetTick       stm32f4xx_hal.o
    0x080020c4   0x080020c4   0x00000188   Code   RO         2393    i.HAL_I2C_Init      stm32f4xx_hal_i2c.o
    0x0800224c   0x0800224c   0x000001f8   Code   RO         2411    i.HAL_I2C_Mem_Read  stm32f4xx_hal_i2c.o
    0x08002444   0x08002444   0x00000130   Code   RO         2414    i.HAL_I2C_Mem_Write  stm32f4xx_hal_i2c.o
    0x08002574   0x08002574   0x00000094   Code   RO          457    i.HAL_I2C_MspInit   i2c.o
    0x08002608   0x08002608   0x00000010   Code   RO         2143    i.HAL_IncTick       stm32f4xx_hal.o
    0x08002618   0x08002618   0x00000034   Code   RO         2144    i.HAL_Init          stm32f4xx_hal.o
    0x0800264c   0x0800264c   0x00000098   Code   RO          977    i.HAL_InitTick      stm32f4xx_hal_timebase_tim.o
    0x080026e4   0x080026e4   0x00000038   Code   RO          953    i.HAL_MspInit       stm32f4xx_hal_msp.o
    0x0800271c   0x0800271c   0x0000001a   Code   RO         1994    i.HAL_NVIC_EnableIRQ  stm32f4xx_hal_cortex.o
    0x08002736   0x08002736   0x00000002   PAD
    0x08002738   0x08002738   0x00000040   Code   RO         2000    i.HAL_NVIC_SetPriority  stm32f4xx_hal_cortex.o
    0x08002778   0x08002778   0x00000024   Code   RO         2001    i.HAL_NVIC_SetPriorityGrouping  stm32f4xx_hal_cortex.o
    0x0800279c   0x0800279c   0x00000134   Code   RO         1251    i.HAL_RCC_ClockConfig  stm32f4xx_hal_rcc.o
    0x080028d0   0x080028d0   0x00000040   Code   RO         1255    i.HAL_RCC_GetClockConfig  stm32f4xx_hal_rcc.o
    0x08002910   0x08002910   0x00000020   Code   RO         1258    i.HAL_RCC_GetPCLK1Freq  stm32f4xx_hal_rcc.o
    0x08002930   0x08002930   0x00000020   Code   RO         1259    i.HAL_RCC_GetPCLK2Freq  stm32f4xx_hal_rcc.o
    0x08002950   0x08002950   0x00000064   Code   RO         1260    i.HAL_RCC_GetSysClockFreq  stm32f4xx_hal_rcc.o
    0x080029b4   0x080029b4   0x0000036c   Code   RO         1263    i.HAL_RCC_OscConfig  stm32f4xx_hal_rcc.o
    0x08002d20   0x08002d20   0x000000bc   Code   RO         2843    i.HAL_SPI_Init      stm32f4xx_hal_spi.o
    0x08002ddc   0x08002ddc   0x00000100   Code   RO          499    i.HAL_SPI_MspInit   spi.o
    0x08002edc   0x08002edc   0x000001e2   Code   RO         2852    i.HAL_SPI_TransmitReceive  stm32f4xx_hal_spi.o
    0x080030be   0x080030be   0x00000018   Code   RO         2003    i.HAL_SYSTICK_CLKSourceConfig  stm32f4xx_hal_cortex.o
    0x080030d6   0x080030d6   0x00000002   Code   RO         3860    i.HAL_TIMEx_BreakCallback  stm32f4xx_hal_tim_ex.o
    0x080030d8   0x080030d8   0x00000002   Code   RO         3861    i.HAL_TIMEx_CommutCallback  stm32f4xx_hal_tim_ex.o
    0x080030da   0x080030da   0x00000054   Code   RO         3863    i.HAL_TIMEx_ConfigBreakDeadTime  stm32f4xx_hal_tim_ex.o
    0x0800312e   0x0800312e   0x00000002   PAD
    0x08003130   0x08003130   0x00000090   Code   RO         3879    i.HAL_TIMEx_MasterConfigSynchronization  stm32f4xx_hal_tim_ex.o
    0x080031c0   0x080031c0   0x0000005a   Code   RO         3156    i.HAL_TIM_Base_Init  stm32f4xx_hal_tim.o
    0x0800321a   0x0800321a   0x00000002   PAD
    0x0800321c   0x0800321c   0x00000074   Code   RO          553    i.HAL_TIM_Base_MspInit  tim.o
    0x08003290   0x08003290   0x00000078   Code   RO         3159    i.HAL_TIM_Base_Start  stm32f4xx_hal_tim.o
    0x08003308   0x08003308   0x00000080   Code   RO         3161    i.HAL_TIM_Base_Start_IT  stm32f4xx_hal_tim.o
    0x08003388   0x08003388   0x000000dc   Code   RO         3165    i.HAL_TIM_ConfigClockSource  stm32f4xx_hal_tim.o
    0x08003464   0x08003464   0x00000002   Code   RO         3190    i.HAL_TIM_IC_CaptureCallback  stm32f4xx_hal_tim.o
    0x08003466   0x08003466   0x00000166   Code   RO         3204    i.HAL_TIM_IRQHandler  stm32f4xx_hal_tim.o
    0x080035cc   0x080035cc   0x000000b8   Code   RO          554    i.HAL_TIM_MspPostInit  tim.o
    0x08003684   0x08003684   0x00000002   Code   RO         3207    i.HAL_TIM_OC_DelayElapsedCallback  stm32f4xx_hal_tim.o
    0x08003686   0x08003686   0x000000cc   Code   RO         3228    i.HAL_TIM_PWM_ConfigChannel  stm32f4xx_hal_tim.o
    0x08003752   0x08003752   0x0000005a   Code   RO         3231    i.HAL_TIM_PWM_Init  stm32f4xx_hal_tim.o
    0x080037ac   0x080037ac   0x00000028   Code   RO          556    i.HAL_TIM_PWM_MspInit  tim.o
    0x080037d4   0x080037d4   0x00000002   Code   RO         3234    i.HAL_TIM_PWM_PulseFinishedCallback  stm32f4xx_hal_tim.o
    0x080037d6   0x080037d6   0x00000002   PAD
    0x080037d8   0x080037d8   0x000000c8   Code   RO         3236    i.HAL_TIM_PWM_Start  stm32f4xx_hal_tim.o
    0x080038a0   0x080038a0   0x00000038   Code   RO           14    i.HAL_TIM_PeriodElapsedCallback  main.o
    0x080038d8   0x080038d8   0x00000002   Code   RO         3247    i.HAL_TIM_TriggerCallback  stm32f4xx_hal_tim.o
    0x080038da   0x080038da   0x00000002   Code   RO         4138    i.HAL_UARTEx_RxEventCallback  stm32f4xx_hal_uart.o
    0x080038dc   0x080038dc   0x00000070   Code   RO         4150    i.HAL_UART_DMAStop  stm32f4xx_hal_uart.o
    0x0800394c   0x0800394c   0x00000002   Code   RO         4152    i.HAL_UART_ErrorCallback  stm32f4xx_hal_uart.o
    0x0800394e   0x0800394e   0x00000002   PAD
    0x08003950   0x08003950   0x00000268   Code   RO         4155    i.HAL_UART_IRQHandler  stm32f4xx_hal_uart.o
    0x08003bb8   0x08003bb8   0x00000062   Code   RO         4156    i.HAL_UART_Init     stm32f4xx_hal_uart.o
    0x08003c1a   0x08003c1a   0x00000002   PAD
    0x08003c1c   0x08003c1c   0x00000260   Code   RO          686    i.HAL_UART_MspInit  usart.o
    0x08003e7c   0x08003e7c   0x0000002a   Code   RO         4160    i.HAL_UART_Receive_DMA  stm32f4xx_hal_uart.o
    0x08003ea6   0x08003ea6   0x0000002a   Code   RO         4161    i.HAL_UART_Receive_IT  stm32f4xx_hal_uart.o
    0x08003ed0   0x08003ed0   0x00000002   Code   RO         4162    i.HAL_UART_RxCpltCallback  stm32f4xx_hal_uart.o
    0x08003ed2   0x08003ed2   0x00000002   Code   RO         4163    i.HAL_UART_RxHalfCpltCallback  stm32f4xx_hal_uart.o
    0x08003ed4   0x08003ed4   0x000000b2   Code   RO         4164    i.HAL_UART_Transmit  stm32f4xx_hal_uart.o
    0x08003f86   0x08003f86   0x00000002   Code   RO         4167    i.HAL_UART_TxCpltCallback  stm32f4xx_hal_uart.o
    0x08003f88   0x08003f88   0x00000002   Code   RO          814    i.HardFault_Handler  stm32f4xx_it.o
    0x08003f8a   0x08003f8a   0x0000002e   Code   RO         2435    i.I2C_IsAcknowledgeFailed  stm32f4xx_hal_i2c.o
    0x08003fb8   0x08003fb8   0x000000fc   Code   RO         2445    i.I2C_RequestMemoryRead  stm32f4xx_hal_i2c.o
    0x080040b4   0x080040b4   0x000000a8   Code   RO         2446    i.I2C_RequestMemoryWrite  stm32f4xx_hal_i2c.o
    0x0800415c   0x0800415c   0x0000004c   Code   RO         2450    i.I2C_WaitOnBTFFlagUntilTimeout  stm32f4xx_hal_i2c.o
    0x080041a8   0x080041a8   0x00000068   Code   RO         2451    i.I2C_WaitOnFlagUntilTimeout  stm32f4xx_hal_i2c.o
    0x08004210   0x08004210   0x00000096   Code   RO         2452    i.I2C_WaitOnMasterAddressFlagUntilTimeout  stm32f4xx_hal_i2c.o
    0x080042a6   0x080042a6   0x00000066   Code   RO         2453    i.I2C_WaitOnRXNEFlagUntilTimeout  stm32f4xx_hal_i2c.o
    0x0800430c   0x0800430c   0x0000004c   Code   RO         2454    i.I2C_WaitOnTXEFlagUntilTimeout  stm32f4xx_hal_i2c.o
    0x08004358   0x08004358   0x000002e0   Code   RO         8189    i.INS_task          ins_task.o
    0x08004638   0x08004638   0x00000054   Code   RO         7651    i.LEDPIN_Init       oled.o
    0x0800468c   0x0800468c   0x00000014   Code   RO         7654    i.LED_DLY_ms        oled.o
    0x080046a0   0x080046a0   0x00000038   Code   RO         7655    i.LED_Fill          oled.o
    0x080046d8   0x080046d8   0x0000005c   Code   RO         7658    i.LED_P6x8Str       oled.o
    0x08004734   0x08004734   0x00000022   Code   RO         7668    i.LED_Set_Pos       oled.o
    0x08004756   0x08004756   0x00000002   PAD
    0x08004758   0x08004758   0x0000003c   Code   RO         7669    i.LED_WrCmd         oled.o
    0x08004794   0x08004794   0x0000003c   Code   RO         7670    i.LED_WrDat         oled.o
    0x080047d0   0x080047d0   0x00000044   Code   RO          370    i.MX_CAN1_Init      can.o
    0x08004814   0x08004814   0x00000044   Code   RO          371    i.MX_CAN2_Init      can.o
    0x08004858   0x08004858   0x0000008c   Code   RO          432    i.MX_DMA_Init       dma.o
    0x080048e4   0x080048e4   0x00000030   Code   RO          305    i.MX_FREERTOS_Init  freertos.o
    0x08004914   0x08004914   0x0000017c   Code   RO          270    i.MX_GPIO_Init      gpio.o
    0x08004a90   0x08004a90   0x00000040   Code   RO          458    i.MX_I2C3_Init      i2c.o
    0x08004ad0   0x08004ad0   0x00000048   Code   RO          500    i.MX_SPI1_Init      spi.o
    0x08004b18   0x08004b18   0x00000068   Code   RO          557    i.MX_TIM10_Init     tim.o
    0x08004b80   0x08004b80   0x000000b8   Code   RO          558    i.MX_TIM1_Init      tim.o
    0x08004c38   0x08004c38   0x00000064   Code   RO          559    i.MX_TIM3_Init      tim.o
    0x08004c9c   0x08004c9c   0x00000098   Code   RO          560    i.MX_TIM4_Init      tim.o
    0x08004d34   0x08004d34   0x00000038   Code   RO          687    i.MX_USART1_UART_Init  usart.o
    0x08004d6c   0x08004d6c   0x00000040   Code   RO          688    i.MX_USART3_UART_Init  usart.o
    0x08004dac   0x08004dac   0x00000038   Code   RO          689    i.MX_USART6_UART_Init  usart.o
    0x08004de4   0x08004de4   0x00000378   Code   RO         6807    i.MahonyAHRSupdate  mahonyahrs.o
    0x0800515c   0x0800515c   0x000001fc   Code   RO         6808    i.MahonyAHRSupdateIMU  mahonyahrs.o
    0x08005358   0x08005358   0x00000002   Code   RO          815    i.MemManage_Handler  stm32f4xx_it.o
    0x0800535a   0x0800535a   0x00000002   Code   RO          816    i.NMI_Handler       stm32f4xx_it.o
    0x0800535c   0x0800535c   0x000000fc   Code   RO         6958    i.PID_Calc          pid.o
    0x08005458   0x08005458   0x00000028   Code   RO         6959    i.PID_Reset         pid.o
    0x08005480   0x08005480   0x00000128   Code   RO         8190    i.PID_calc          ins_task.o
    0x080055a8   0x080055a8   0x0000000a   Code   RO         6387    i.RC_abs            remote_app.o
    0x080055b2   0x080055b2   0x00000002   PAD
    0x080055b4   0x080055b4   0x00000078   Code   RO         6388    i.RC_data_error_process  remote_app.o
    0x0800562c   0x0800562c   0x00001270   Code   RO          501    i.SPI1_DMA_enable   spi.o
    0x0800689c   0x0800689c   0x000000ec   Code   RO          502    i.SPI1_DMA_init     spi.o
    0x08006988   0x08006988   0x00000058   Code   RO         2881    i.SPI_EndRxTxTransaction  stm32f4xx_hal_spi.o
    0x080069e0   0x080069e0   0x000000b8   Code   RO         2886    i.SPI_WaitFlagStateUntilTimeout  stm32f4xx_hal_spi.o
    0x08006a98   0x08006a98   0x00000014   Code   RO         7673    i.SetAddressingMode  oled.o
    0x08006aac   0x08006aac   0x00000014   Code   RO         7675    i.SetContrastControl  oled.o
    0x08006ac0   0x08006ac0   0x00000008   Code   RO         7678    i.SetStartLine      oled.o
    0x08006ac8   0x08006ac8   0x00000016   Code   RO         7680    i.Set_Charge_Pump   oled.o
    0x08006ade   0x08006ade   0x00000016   Code   RO         7681    i.Set_Common_Config  oled.o
    0x08006af4   0x08006af4   0x00000008   Code   RO         7682    i.Set_Common_Remap  oled.o
    0x08006afc   0x08006afc   0x00000014   Code   RO         7683    i.Set_Display_Clock  oled.o
    0x08006b10   0x08006b10   0x00000014   Code   RO         7684    i.Set_Display_Offset  oled.o
    0x08006b24   0x08006b24   0x00000008   Code   RO         7685    i.Set_Display_On_Off  oled.o
    0x08006b2c   0x08006b2c   0x00000008   Code   RO         7686    i.Set_Entire_Display  oled.o
    0x08006b34   0x08006b34   0x00000008   Code   RO         7687    i.Set_Inverse_Display  oled.o
    0x08006b3c   0x08006b3c   0x00000014   Code   RO         7688    i.Set_Multiplex_Ratio  oled.o
    0x08006b50   0x08006b50   0x00000014   Code   RO         7690    i.Set_Precharge_Period  oled.o
    0x08006b64   0x08006b64   0x00000008   Code   RO         7691    i.Set_Segment_Remap  oled.o
    0x08006b6c   0x08006b6c   0x00000014   Code   RO         7692    i.Set_VCOMH         oled.o
    0x08006b80   0x08006b80   0x00000008   Code   RO          306    i.StartDefaultTask  freertos.o
    0x08006b88   0x08006b88   0x0000001a   Code   RO         5745    i.SysTick_Handler   cmsis_os2.o
    0x08006ba2   0x08006ba2   0x00000002   PAD
    0x08006ba4   0x08006ba4   0x00000094   Code   RO           15    i.SystemClock_Config  main.o
    0x08006c38   0x08006c38   0x00000010   Code   RO         4557    i.SystemInit        system_stm32f4xx.o
    0x08006c48   0x08006c48   0x0000000c   Code   RO          817    i.TIM2_IRQHandler   stm32f4xx_it.o
    0x08006c54   0x08006c54   0x0000000c   Code   RO          818    i.TIM3_IRQHandler   stm32f4xx_it.o
    0x08006c60   0x08006c60   0x000000c8   Code   RO         3249    i.TIM_Base_SetConfig  stm32f4xx_hal_tim.o
    0x08006d28   0x08006d28   0x0000001a   Code   RO         3250    i.TIM_CCxChannelCmd  stm32f4xx_hal_tim.o
    0x08006d42   0x08006d42   0x00000014   Code   RO         3260    i.TIM_ETR_SetConfig  stm32f4xx_hal_tim.o
    0x08006d56   0x08006d56   0x00000010   Code   RO         3261    i.TIM_ITRx_SetConfig  stm32f4xx_hal_tim.o
    0x08006d66   0x08006d66   0x00000002   PAD
    0x08006d68   0x08006d68   0x00000060   Code   RO         3262    i.TIM_OC1_SetConfig  stm32f4xx_hal_tim.o
    0x08006dc8   0x08006dc8   0x0000006c   Code   RO         3263    i.TIM_OC2_SetConfig  stm32f4xx_hal_tim.o
    0x08006e34   0x08006e34   0x00000068   Code   RO         3264    i.TIM_OC3_SetConfig  stm32f4xx_hal_tim.o
    0x08006e9c   0x08006e9c   0x00000050   Code   RO         3265    i.TIM_OC4_SetConfig  stm32f4xx_hal_tim.o
    0x08006eec   0x08006eec   0x00000022   Code   RO         3267    i.TIM_TI1_ConfigInputStage  stm32f4xx_hal_tim.o
    0x08006f0e   0x08006f0e   0x00000024   Code   RO         3269    i.TIM_TI2_ConfigInputStage  stm32f4xx_hal_tim.o
    0x08006f32   0x08006f32   0x00000002   PAD
    0x08006f34   0x08006f34   0x000000bc   Code   RO          690    i.TX2_MES           usart.o
    0x08006ff0   0x08006ff0   0x0000005c   Code   RO          691    i.TX2_RX_INT        usart.o
    0x0800704c   0x0800704c   0x00000028   Code   RO         8317    i.Timer_100MS_Task  monitor_task.o
    0x08007074   0x08007074   0x00000010   Code   RO         4169    i.UART_DMAAbortOnError  stm32f4xx_hal_uart.o
    0x08007084   0x08007084   0x0000004a   Code   RO         4170    i.UART_DMAError     stm32f4xx_hal_uart.o
    0x080070ce   0x080070ce   0x00000082   Code   RO         4171    i.UART_DMAReceiveCplt  stm32f4xx_hal_uart.o
    0x08007150   0x08007150   0x0000001a   Code   RO         4173    i.UART_DMARxHalfCplt  stm32f4xx_hal_uart.o
    0x0800716a   0x0800716a   0x0000004e   Code   RO         4179    i.UART_EndRxTransfer  stm32f4xx_hal_uart.o
    0x080071b8   0x080071b8   0x0000001c   Code   RO         4180    i.UART_EndTxTransfer  stm32f4xx_hal_uart.o
    0x080071d4   0x080071d4   0x000000c0   Code   RO         4181    i.UART_Receive_IT   stm32f4xx_hal_uart.o
    0x08007294   0x08007294   0x0000010c   Code   RO         4182    i.UART_SetConfig    stm32f4xx_hal_uart.o
    0x080073a0   0x080073a0   0x00000094   Code   RO         4183    i.UART_Start_Receive_DMA  stm32f4xx_hal_uart.o
    0x08007434   0x08007434   0x0000003a   Code   RO         4184    i.UART_Start_Receive_IT  stm32f4xx_hal_uart.o
    0x0800746e   0x0800746e   0x00000078   Code   RO         4185    i.UART_WaitOnFlagUntilTimeout  stm32f4xx_hal_uart.o
    0x080074e6   0x080074e6   0x00000002   PAD
    0x080074e8   0x080074e8   0x00000014   Code   RO          819    i.USART1_IRQHandler  stm32f4xx_it.o
    0x080074fc   0x080074fc   0x000000ac   Code   RO          820    i.USART6_IRQHandler  stm32f4xx_it.o
    0x080075a8   0x080075a8   0x00000002   Code   RO          821    i.UsageFault_Handler  stm32f4xx_it.o
    0x080075aa   0x080075aa   0x00000030   Code   RO         8868    i.__ARM_fpclassify  m_wm.l(fpclassify.o)
    0x080075da   0x080075da   0x00000026   Code   RO         8870    i.__ARM_fpclassifyf  m_wm.l(fpclassifyf.o)
    0x08007600   0x08007600   0x00000020   Code   RO         2007    i.__NVIC_SetPriority  stm32f4xx_hal_cortex.o
    0x08007620   0x08007620   0x0000012c   Code   RO         8681    i.__hardfp_asinf    m_wm.l(asinf.o)
    0x0800774c   0x0800774c   0x000002ac   Code   RO         8693    i.__hardfp_atan2f   m_wm.l(atan2f.o)
    0x080079f8   0x080079f8   0x00000c50   Code   RO         8705    i.__hardfp_pow      m_wm.l(pow.o)
    0x08008648   0x08008648   0x0000007a   Code   RO         8719    i.__hardfp_sqrt     m_wm.l(sqrt.o)
    0x080086c2   0x080086c2   0x0000003a   Code   RO         8731    i.__hardfp_sqrtf    m_wm.l(sqrtf.o)
    0x080086fc   0x080086fc   0x000000f8   Code   RO         8886    i.__kernel_poly     m_wm.l(poly.o)
    0x080087f4   0x080087f4   0x00000004   PAD
    0x080087f8   0x080087f8   0x00000030   Code   RO         8848    i.__mathlib_dbl_divzero  m_wm.l(dunder.o)
    0x08008828   0x08008828   0x00000014   Code   RO         8850    i.__mathlib_dbl_infnan2  m_wm.l(dunder.o)
    0x0800883c   0x0800883c   0x00000004   PAD
    0x08008840   0x08008840   0x00000020   Code   RO         8851    i.__mathlib_dbl_invalid  m_wm.l(dunder.o)
    0x08008860   0x08008860   0x00000020   Code   RO         8852    i.__mathlib_dbl_overflow  m_wm.l(dunder.o)
    0x08008880   0x08008880   0x00000020   Code   RO         8854    i.__mathlib_dbl_underflow  m_wm.l(dunder.o)
    0x080088a0   0x080088a0   0x00000006   Code   RO         8873    i.__mathlib_flt_infnan  m_wm.l(funder.o)
    0x080088a6   0x080088a6   0x00000006   Code   RO         8874    i.__mathlib_flt_infnan2  m_wm.l(funder.o)
    0x080088ac   0x080088ac   0x00000010   Code   RO         8875    i.__mathlib_flt_invalid  m_wm.l(funder.o)
    0x080088bc   0x080088bc   0x00000010   Code   RO         8878    i.__mathlib_flt_underflow  m_wm.l(funder.o)
    0x080088cc   0x080088cc   0x0000000e   Code   RO         8624    i._is_digit         c_w.l(__printf_wp.o)
    0x080088da   0x080088da   0x00000002   Code   RO          693    i._sys_exit         usart.o
    0x080088dc   0x080088dc   0x00000164   Code   RO         8562    i.adjust_task       adjust_task.o
    0x08008a40   0x08008a40   0x00000128   Code   RO         7226    i.bmi088_accel_init  bmi088driver.o
    0x08008b68   0x08008b68   0x000002c0   Code   RO         7227    i.bmi088_accel_self_test  bmi088driver.o
    0x08008e28   0x08008e28   0x000000dc   Code   RO         7228    i.bmi088_gyro_init  bmi088driver.o
    0x08008f04   0x08008f04   0x000000ca   Code   RO         7229    i.bmi088_gyro_self_test  bmi088driver.o
    0x08008fce   0x08008fce   0x00000002   PAD
    0x08008fd0   0x08008fd0   0x00000010   Code   RO          561    i.buzzer1_off       tim.o
    0x08008fe0   0x08008fe0   0x00000010   Code   RO          564    i.buzzer_on         tim.o
    0x08008ff0   0x08008ff0   0x00000054   Code   RO         6462    i.can1_message_progress  can1_app.o
    0x08009044   0x08009044   0x00000028   Code   RO         7940    i.can2_get_rc_data  connect_task.o
    0x0800906c   0x0800906c   0x0000006c   Code   RO         6544    i.can2_message_progress  can2_app.o
    0x080090d8   0x080090d8   0x00000010   Code   RO          307    i.configureTimerForRunTimeStats  freertos.o
    0x080090e8   0x080090e8   0x0000005c   Code   RO         7942    i.connect_task      connect_task.o
    0x08009144   0x08009144   0x00000038   Code   RO         4509    i.delay_init        delay.o
    0x0800917c   0x0800917c   0x00000038   Code   RO         4510    i.delay_ms          delay.o
    0x080091b4   0x080091b4   0x00000034   Code   RO         4511    i.delay_us          delay.o
    0x080091e8   0x080091e8   0x00000074   Code   RO         5163    i.eTaskGetState     tasks.o
    0x0800925c   0x0800925c   0x00000040   Code   RO         8318    i.error_list_display  monitor_task.o
    0x0800929c   0x0800929c   0x00000018   Code   RO         8864    i.fabs              m_wm.l(fabs.o)
    0x080092b4   0x080092b4   0x00000020   Code   RO          565    i.freertos_run_tim3_configuration  tim.o
    0x080092d4   0x080092d4   0x0000000c   Code   RO          308    i.getRunTimeCounterValue  freertos.o
    0x080092e0   0x080092e0   0x00000008   Code   RO         8193    i.get_INS_point     ins_task.o
    0x080092e8   0x080092e8   0x000000b0   Code   RO         8194    i.get_angle         ins_task.o
    0x08009398   0x08009398   0x000000e4   Code   RO         8195    i.get_angle_and_gyro_value  ins_task.o
    0x0800947c   0x0800947c   0x00000008   Code   RO         6463    i.get_fric_motor1_msg_point  can1_app.o
    0x08009484   0x08009484   0x00000008   Code   RO         6464    i.get_fric_motor2_msg_point  can1_app.o
    0x0800948c   0x0800948c   0x00000084   Code   RO         8377    i.get_mouse_press_msg  shoot_task.o
    0x08009510   0x08009510   0x00000008   Code   RO         6545    i.get_pitch_motor_msg_point  can2_app.o
    0x08009518   0x08009518   0x0000008c   Code   RO         8378    i.get_rc_control_msg  shoot_task.o
    0x080095a4   0x080095a4   0x00000008   Code   RO         6390    i.get_rc_data_point  remote_app.o
    0x080095ac   0x080095ac   0x0000009a   Code   RO         6391    i.get_remote_data   remote_app.o
    0x08009646   0x08009646   0x00000002   PAD
    0x08009648   0x08009648   0x0000000c   Code   RO         8029    i.get_robot_control_mode  gimbal_task.o
    0x08009654   0x08009654   0x0000000c   Code   RO         8030    i.get_robot_work_mode  gimbal_task.o
    0x08009660   0x08009660   0x00000090   Code   RO         8380    i.get_shoot_related_flags  shoot_task.o
    0x080096f0   0x080096f0   0x00000008   Code   RO         6465    i.get_trigger_motor_msg_point  can1_app.o
    0x080096f8   0x080096f8   0x00000008   Code   RO         6546    i.get_yaw_motor_msg_point  can2_app.o
    0x08009700   0x08009700   0x00000010   Code   RO         8031    i.gimbal_abs        gimbal_task.o
    0x08009710   0x08009710   0x000000d8   Code   RO         8032    i.gimbal_cascade_pid_calculate  gimbal_task.o
    0x080097e8   0x080097e8   0x0000003c   Code   RO         8033    i.gimbal_control_loop  gimbal_task.o
    0x08009824   0x08009824   0x00000060   Code   RO         8034    i.gimbal_init       gimbal_task.o
    0x08009884   0x08009884   0x000000e4   Code   RO         6547    i.gimbal_motor_msg_process  can2_app.o
    0x08009968   0x08009968   0x00000048   Code   RO         8035    i.gimbal_pid_init   gimbal_task.o
    0x080099b0   0x080099b0   0x00000548   Code   RO         8036    i.gimbal_set_and_fdb_update  gimbal_task.o
    0x08009ef8   0x08009ef8   0x00000094   Code   RO         8037    i.gimbal_task       gimbal_task.o
    0x08009f8c   0x08009f8c   0x00000014   Code   RO         8038    i.gimbal_val_limit  gimbal_task.o
    0x08009fa0   0x08009fa0   0x00000060   Code   RO         8039    i.gimbal_work_mode_update  gimbal_task.o
    0x0800a000   0x0800a000   0x000000ec   Code   RO         8197    i.imu_cali_slove    ins_task.o
    0x0800a0ec   0x0800a0ec   0x000000fc   Code   RO         8198    i.imu_cmd_spi_dma   ins_task.o
    0x0800a1e8   0x0800a1e8   0x0000000c   Code   RO          567    i.imu_pwm_set       tim.o
    0x0800a1f4   0x0800a1f4   0x0000007c   Code   RO         8199    i.imu_temp_control  ins_task.o
    0x0800a270   0x0800a270   0x00000014   Code   RO         6809    i.invSqrt           mahonyahrs.o
    0x0800a284   0x0800a284   0x00000040   Code   RO         8319    i.is_lost           monitor_task.o
    0x0800a2c4   0x0800a2c4   0x0000004c   Code   RO         7573    i.ist8310_GPIO_init  ist8310driver_middleware.o
    0x0800a310   0x0800a310   0x00000024   Code   RO         7575    i.ist8310_IIC_read_single_reg  ist8310driver_middleware.o
    0x0800a334   0x0800a334   0x00000024   Code   RO         7577    i.ist8310_IIC_write_single_reg  ist8310driver_middleware.o
    0x0800a358   0x0800a358   0x00000010   Code   RO         7578    i.ist8310_RST_H     ist8310driver_middleware.o
    0x0800a368   0x0800a368   0x00000010   Code   RO         7579    i.ist8310_RST_L     ist8310driver_middleware.o
    0x0800a378   0x0800a378   0x00000002   Code   RO         7580    i.ist8310_com_init  ist8310driver_middleware.o
    0x0800a37a   0x0800a37a   0x00000004   Code   RO         7581    i.ist8310_delay_ms  ist8310driver_middleware.o
    0x0800a37e   0x0800a37e   0x00000002   PAD
    0x0800a380   0x0800a380   0x00000080   Code   RO         7538    i.ist8310_init      ist8310driver.o
    0x0800a400   0x0800a400   0x00000018   Code   RO          271    i.led_configuration  gpio.o
    0x0800a418   0x0800a418   0x00000090   Code   RO           16    i.main              main.o
    0x0800a4a8   0x0800a4a8   0x0000007c   Code   RO         8320    i.monitor_process   monitor_task.o
    0x0800a524   0x0800a524   0x00000098   Code   RO         8321    i.monitor_task      monitor_task.o
    0x0800a5bc   0x0800a5bc   0x00000038   Code   RO         8040    i.mouse_sensit_cali  gimbal_task.o
    0x0800a5f4   0x0800a5f4   0x000000a4   Code   RO         6548    i.odem_data_process  can2_app.o
    0x0800a698   0x0800a698   0x00000094   Code   RO         7944    i.odem_tx           connect_task.o
    0x0800a72c   0x0800a72c   0x00000098   Code   RO         7694    i.oled_init         oled.o
    0x0800a7c4   0x0800a7c4   0x0000001a   Code   RO         5747    i.osDelay           cmsis_os2.o
    0x0800a7de   0x0800a7de   0x00000002   PAD
    0x0800a7e0   0x0800a7e0   0x00000024   Code   RO         5761    i.osKernelInitialize  cmsis_os2.o
    0x0800a804   0x0800a804   0x0000002a   Code   RO         5762    i.osKernelLock      cmsis_os2.o
    0x0800a82e   0x0800a82e   0x00000002   PAD
    0x0800a830   0x0800a830   0x00000038   Code   RO         5764    i.osKernelStart     cmsis_os2.o
    0x0800a868   0x0800a868   0x0000003a   Code   RO         5765    i.osKernelUnlock    cmsis_os2.o
    0x0800a8a2   0x0800a8a2   0x00000004   Code   RO         5801    i.osThreadGetId     cmsis_os2.o
    0x0800a8a6   0x0800a8a6   0x00000002   PAD
    0x0800a8a8   0x0800a8a8   0x0000008a   Code   RO         5806    i.osThreadNew       cmsis_os2.o
    0x0800a932   0x0800a932   0x00000034   Code   RO         5810    i.osThreadTerminate  cmsis_os2.o
    0x0800a966   0x0800a966   0x00000002   PAD
    0x0800a968   0x0800a968   0x00000020   Code   RO         5164    i.pcTaskGetName     tasks.o
    0x0800a988   0x0800a988   0x00000064   Code   RO         5165    i.prvAddCurrentTaskToDelayedList  tasks.o
    0x0800a9ec   0x0800a9ec   0x000000d0   Code   RO         5166    i.prvAddNewTaskToReadyList  tasks.o
    0x0800aabc   0x0800aabc   0x00000058   Code   RO         5574    i.prvCheckForValidListAndQueue  timers.o
    0x0800ab14   0x0800ab14   0x00000026   Code   RO         4762    i.prvCopyDataFromQueue  queue.o
    0x0800ab3a   0x0800ab3a   0x0000006c   Code   RO         4763    i.prvCopyDataToQueue  queue.o
    0x0800aba6   0x0800aba6   0x00000034   Code   RO         5167    i.prvDeleteTCB      tasks.o
    0x0800abda   0x0800abda   0x00000002   PAD
    0x0800abdc   0x0800abdc   0x0000004c   Code   RO         6252    i.prvHeapInit       heap_4.o
    0x0800ac28   0x0800ac28   0x00000060   Code   RO         5168    i.prvIdleTask       tasks.o
    0x0800ac88   0x0800ac88   0x00000022   Code   RO         4765    i.prvInitialiseNewQueue  queue.o
    0x0800acaa   0x0800acaa   0x000000b6   Code   RO         5169    i.prvInitialiseNewTask  tasks.o
    0x0800ad60   0x0800ad60   0x0000004e   Code   RO         5575    i.prvInitialiseNewTimer  timers.o
    0x0800adae   0x0800adae   0x00000002   PAD
    0x0800adb0   0x0800adb0   0x0000004c   Code   RO         6253    i.prvInsertBlockIntoFreeList  heap_4.o
    0x0800adfc   0x0800adfc   0x00000038   Code   RO         5576    i.prvInsertTimerInActiveList  timers.o
    0x0800ae34   0x0800ae34   0x0000001c   Code   RO         4766    i.prvIsQueueEmpty   queue.o
    0x0800ae50   0x0800ae50   0x00000058   Code   RO         5170    i.prvListTasksWithinSingleList  tasks.o
    0x0800aea8   0x0800aea8   0x000000fc   Code   RO         5577    i.prvProcessReceivedCommands  timers.o
    0x0800afa4   0x0800afa4   0x000000c0   Code   RO         5578    i.prvProcessTimerOrBlockTask  timers.o
    0x0800b064   0x0800b064   0x00000020   Code   RO         5171    i.prvResetNextTaskUnblockTime  tasks.o
    0x0800b084   0x0800b084   0x00000028   Code   RO         5579    i.prvSampleTimeNow  timers.o
    0x0800b0ac   0x0800b0ac   0x00000058   Code   RO         5172    i.prvSearchForNameWithinSingleList  tasks.o
    0x0800b104   0x0800b104   0x0000006c   Code   RO         5580    i.prvSwitchTimerLists  timers.o
    0x0800b170   0x0800b170   0x00000014   Code   RO         5173    i.prvTaskCheckFreeStackSpace  tasks.o
    0x0800b184   0x0800b184   0x00000028   Code   RO         6308    i.prvTaskExitError  port.o
    0x0800b1ac   0x0800b1ac   0x00000024   Code   RO         5581    i.prvTimerTask      timers.o
    0x0800b1d0   0x0800b1d0   0x0000006a   Code   RO         4767    i.prvUnlockQueue    queue.o
    0x0800b23a   0x0800b23a   0x00000022   Code   RO         5175    i.prvWriteNameToBuffer  tasks.o
    0x0800b25c   0x0800b25c   0x000000dc   Code   RO         6254    i.pvPortMalloc      heap_4.o
    0x0800b338   0x0800b338   0x0000000c   Code   RO          569    i.pwm1_on           tim.o
    0x0800b344   0x0800b344   0x0000002c   Code   RO         6309    i.pxPortInitialiseStack  port.o
    0x0800b370   0x0800b370   0x00000020   Code   RO         8041    i.robot_control_mode_update  gimbal_task.o
    0x0800b390   0x0800b390   0x0000008c   Code   RO         8042    i.robot_work_mode_update  gimbal_task.o
    0x0800b41c   0x0800b41c   0x000000b0   Code   RO         7945    i.send_cmd_to_chassis  connect_task.o
    0x0800b4cc   0x0800b4cc   0x00000084   Code   RO         7946    i.send_gyro_data_to_chassis  connect_task.o
    0x0800b550   0x0800b550   0x00000054   Code   RO         7947    i.send_rc_to_chassis  connect_task.o
    0x0800b5a4   0x0800b5a4   0x00000044   Code   RO         6549    i.set_gimbal_behaviour  can2_app.o
    0x0800b5e8   0x0800b5e8   0x0000003c   Code   RO         6550    i.set_gimbal_stop   can2_app.o
    0x0800b624   0x0800b624   0x00000048   Code   RO         6466    i.set_shoot_behaviour  can1_app.o
    0x0800b66c   0x0800b66c   0x0000001a   Code   RO         6551    i.shoot_17mm_mag    can2_app.o
    0x0800b686   0x0800b686   0x00000010   Code   RO         8383    i.shoot_abs         shoot_task.o
    0x0800b696   0x0800b696   0x00000002   PAD
    0x0800b698   0x0800b698   0x000000b0   Code   RO         8384    i.shoot_cascade_pid_calculate  shoot_task.o
    0x0800b748   0x0800b748   0x00000034   Code   RO         6621    i.shoot_heat_limit  rule.o
    0x0800b77c   0x0800b77c   0x0000002c   Code   RO         6552    i.shoot_judge_process  can2_app.o
    0x0800b7a8   0x0800b7a8   0x00000038   Code   RO         6622    i.shoot_limit       rule.o
    0x0800b7e0   0x0800b7e0   0x00000072   Code   RO         8385    i.shoot_magazine_control  shoot_task.o
    0x0800b852   0x0800b852   0x00000002   PAD
    0x0800b854   0x0800b854   0x00000064   Code   RO         8386    i.shoot_mode_update  shoot_task.o
    0x0800b8b8   0x0800b8b8   0x000000e4   Code   RO         6469    i.shoot_motor_msg_process  can1_app.o
    0x0800b99c   0x0800b99c   0x00000040   Code   RO         8387    i.shoot_pid_init    shoot_task.o
    0x0800b9dc   0x0800b9dc   0x000000cc   Code   RO         8388    i.shoot_set_and_fdb_update  shoot_task.o
    0x0800baa8   0x0800baa8   0x00000028   Code   RO         6623    i.shoot_speed_limit  rule.o
    0x0800bad0   0x0800bad0   0x000000f0   Code   RO         8389    i.shoot_task        shoot_task.o
    0x0800bbc0   0x0800bbc0   0x00000050   Code   RO         8046    i.slidingWindowFilter  gimbal_task.o
    0x0800bc10   0x0800bc10   0x0000006e   Code   RO         8721    i.sqrt              m_wm.l(sqrt.o)
    0x0800bc7e   0x0800bc7e   0x0000003e   Code   RO         8733    i.sqrtf             m_wm.l(sqrtf.o)
    0x0800bcbc   0x0800bcbc   0x0000009c   Code   RO         8478    i.start_task        start_task.o
    0x0800bd58   0x0800bd58   0x00000020   Code   RO         8524    i.test_task         test_task.o
    0x0800bd78   0x0800bd78   0x00000068   Code   RO         5177    i.ulTaskNotifyTake  tasks.o
    0x0800bde0   0x0800bde0   0x00000034   Code   RO          697    i.usart_Receive_DMA  usart.o
    0x0800be14   0x0800be14   0x00000026   Code   RO         4722    i.uxListRemove      list.o
    0x0800be3a   0x0800be3a   0x00000002   PAD
    0x0800be3c   0x0800be3c   0x000000ac   Code   RO         5182    i.uxTaskGetSystemState  tasks.o
    0x0800bee8   0x0800bee8   0x00000014   Code   RO         5818    i.vApplicationGetIdleTaskMemory  cmsis_os2.o
    0x0800befc   0x0800befc   0x00000018   Code   RO         5819    i.vApplicationGetTimerTaskMemory  cmsis_os2.o
    0x0800bf14   0x0800bf14   0x00000002   Code   RO          309    i.vApplicationStackOverflowHook  freertos.o
    0x0800bf16   0x0800bf16   0x00000016   Code   RO         4723    i.vListInitialise   list.o
    0x0800bf2c   0x0800bf2c   0x00000006   Code   RO         4724    i.vListInitialiseItem  list.o
    0x0800bf32   0x0800bf32   0x00000030   Code   RO         4725    i.vListInsert       list.o
    0x0800bf62   0x0800bf62   0x00000018   Code   RO         4726    i.vListInsertEnd    list.o
    0x0800bf7a   0x0800bf7a   0x00000002   PAD
    0x0800bf7c   0x0800bf7c   0x00000040   Code   RO         6311    i.vPortEnterCritical  port.o
    0x0800bfbc   0x0800bfbc   0x00000028   Code   RO         6312    i.vPortExitCritical  port.o
    0x0800bfe4   0x0800bfe4   0x00000064   Code   RO         6255    i.vPortFree         heap_4.o
    0x0800c048   0x0800c048   0x00000024   Code   RO         6313    i.vPortSetupTimerInterrupt  port.o
    0x0800c06c   0x0800c06c   0x00000054   Code   RO         6314    i.vPortValidateInterruptPriority  port.o
    0x0800c0c0   0x0800c0c0   0x00000028   Code   RO         4773    i.vQueueAddToRegistry  queue.o
    0x0800c0e8   0x0800c0e8   0x00000044   Code   RO         4777    i.vQueueWaitForMessageRestricted  queue.o
    0x0800c12c   0x0800c12c   0x0000004c   Code   RO         5187    i.vTaskDelay        tasks.o
    0x0800c178   0x0800c178   0x0000008c   Code   RO         5188    i.vTaskDelayUntil   tasks.o
    0x0800c204   0x0800c204   0x00000090   Code   RO         5189    i.vTaskDelete       tasks.o
    0x0800c294   0x0800c294   0x00000078   Code   RO         5191    i.vTaskGetInfo      tasks.o
    0x0800c30c   0x0800c30c   0x000000a4   Code   RO         5192    i.vTaskGetRunTimeStats  tasks.o
    0x0800c3b0   0x0800c3b0   0x00000010   Code   RO         5193    i.vTaskInternalSetTimeOutState  tasks.o
    0x0800c3c0   0x0800c3c0   0x0000000c   Code   RO         5195    i.vTaskMissedYield  tasks.o
    0x0800c3cc   0x0800c3cc   0x000000b0   Code   RO         5196    i.vTaskNotifyGiveFromISR  tasks.o
    0x0800c47c   0x0800c47c   0x00000030   Code   RO         5197    i.vTaskPlaceOnEventList  tasks.o
    0x0800c4ac   0x0800c4ac   0x00000038   Code   RO         5198    i.vTaskPlaceOnEventListRestricted  tasks.o
    0x0800c4e4   0x0800c4e4   0x0000008c   Code   RO         5206    i.vTaskStartScheduler  tasks.o
    0x0800c570   0x0800c570   0x00000010   Code   RO         5208    i.vTaskSuspendAll   tasks.o
    0x0800c580   0x0800c580   0x000000a4   Code   RO         5209    i.vTaskSwitchContext  tasks.o
    0x0800c624   0x0800c624   0x00000100   Code   RO         7948    i.vision_tx         connect_task.o
    0x0800c724   0x0800c724   0x000000f4   Code   RO         6315    i.xPortStartScheduler  port.o
    0x0800c818   0x0800c818   0x0000002c   Code   RO         6316    i.xPortSysTickHandler  port.o
    0x0800c844   0x0800c844   0x00000066   Code   RO         4783    i.xQueueGenericCreateStatic  queue.o
    0x0800c8aa   0x0800c8aa   0x00000002   PAD
    0x0800c8ac   0x0800c8ac   0x00000088   Code   RO         4784    i.xQueueGenericReset  queue.o
    0x0800c934   0x0800c934   0x00000160   Code   RO         4785    i.xQueueGenericSend  queue.o
    0x0800ca94   0x0800ca94   0x000000be   Code   RO         4786    i.xQueueGenericSendFromISR  queue.o
    0x0800cb52   0x0800cb52   0x00000002   PAD
    0x0800cb54   0x0800cb54   0x00000138   Code   RO         4795    i.xQueueReceive     queue.o
    0x0800cc8c   0x0800cc8c   0x00000088   Code   RO         5212    i.xTaskCheckForTimeOut  tasks.o
    0x0800cd14   0x0800cd14   0x0000005a   Code   RO         5213    i.xTaskCreate       tasks.o
    0x0800cd6e   0x0800cd6e   0x00000056   Code   RO         5214    i.xTaskCreateStatic  tasks.o
    0x0800cdc4   0x0800cdc4   0x0000000c   Code   RO         5217    i.xTaskGetCurrentTaskHandle  tasks.o
    0x0800cdd0   0x0800cdd0   0x00000088   Code   RO         5218    i.xTaskGetHandle    tasks.o
    0x0800ce58   0x0800ce58   0x0000001c   Code   RO         5219    i.xTaskGetSchedulerState  tasks.o
    0x0800ce74   0x0800ce74   0x0000000c   Code   RO         5220    i.xTaskGetTickCount  tasks.o
    0x0800ce80   0x0800ce80   0x000000c8   Code   RO         5222    i.xTaskIncrementTick  tasks.o
    0x0800cf48   0x0800cf48   0x00000080   Code   RO         5225    i.xTaskPriorityDisinherit  tasks.o
    0x0800cfc8   0x0800cfc8   0x00000070   Code   RO         5227    i.xTaskRemoveFromEventList  tasks.o
    0x0800d038   0x0800d038   0x000000c4   Code   RO         5228    i.xTaskResumeAll    tasks.o
    0x0800d0fc   0x0800d0fc   0x00000034   Code   RO         5588    i.xTimerCreate      timers.o
    0x0800d130   0x0800d130   0x00000060   Code   RO         5590    i.xTimerCreateTimerTask  timers.o
    0x0800d190   0x0800d190   0x00000068   Code   RO         5591    i.xTimerGenericCommand  timers.o
    0x0800d1f8   0x0800d1f8   0x00000018   Code   RO         8819    x$fpl$basic         fz_wm.l(basic.o)
    0x0800d210   0x0800d210   0x00000062   Code   RO         8657    x$fpl$d2f           fz_wm.l(d2f.o)
    0x0800d272   0x0800d272   0x00000002   PAD
    0x0800d274   0x0800d274   0x00000150   Code   RO         8659    x$fpl$dadd          fz_wm.l(daddsub_clz.o)
    0x0800d3c4   0x0800d3c4   0x00000010   Code   RO         8924    x$fpl$dcheck1       fz_wm.l(dcheck1.o)
    0x0800d3d4   0x0800d3d4   0x00000018   Code   RO         8821    x$fpl$dcmpinf       fz_wm.l(dcmpi.o)
    0x0800d3ec   0x0800d3ec   0x000002b0   Code   RO         8666    x$fpl$ddiv          fz_wm.l(ddiv.o)
    0x0800d69c   0x0800d69c   0x0000002e   Code   RO         8672    x$fpl$dflt          fz_wm.l(dflt_clz.o)
    0x0800d6ca   0x0800d6ca   0x00000026   Code   RO         8671    x$fpl$dfltu         fz_wm.l(dflt_clz.o)
    0x0800d6f0   0x0800d6f0   0x00000078   Code   RO         8823    x$fpl$dleqf         fz_wm.l(dleqf.o)
    0x0800d768   0x0800d768   0x00000154   Code   RO         8677    x$fpl$dmul          fz_wm.l(dmul.o)
    0x0800d8bc   0x0800d8bc   0x0000009c   Code   RO         8825    x$fpl$dnaninf       fz_wm.l(dnaninf.o)
    0x0800d958   0x0800d958   0x0000000c   Code   RO         8827    x$fpl$dretinf       fz_wm.l(dretinf.o)
    0x0800d964   0x0800d964   0x0000006c   Code   RO         8829    x$fpl$drleqf        fz_wm.l(drleqf.o)
    0x0800d9d0   0x0800d9d0   0x00000016   Code   RO         8660    x$fpl$drsb          fz_wm.l(daddsub_clz.o)
    0x0800d9e6   0x0800d9e6   0x00000002   PAD
    0x0800d9e8   0x0800d9e8   0x00000198   Code   RO         8831    x$fpl$dsqrt         fz_wm.l(dsqrt_umaal.o)
    0x0800db80   0x0800db80   0x000001d4   Code   RO         8661    x$fpl$dsub          fz_wm.l(daddsub_clz.o)
    0x0800dd54   0x0800dd54   0x00000056   Code   RO         8679    x$fpl$f2d           fz_wm.l(f2d.o)
    0x0800ddaa   0x0800ddaa   0x0000008c   Code   RO         8833    x$fpl$fnaninf       fz_wm.l(fnaninf.o)
    0x0800de36   0x0800de36   0x0000000a   Code   RO         9057    x$fpl$fpinit        fz_wm.l(fpinit.o)
    0x0800de40   0x0800de40   0x0000000a   Code   RO         8835    x$fpl$fretinf       fz_wm.l(fretinf.o)
    0x0800de4a   0x0800de4a   0x00000064   Code   RO         8982    x$fpl$retnan        fz_wm.l(retnan.o)
    0x0800deae   0x0800deae   0x0000005c   Code   RO         8845    x$fpl$scalbn        fz_wm.l(scalbn.o)
    0x0800df0a   0x0800df0a   0x00000030   Code   RO         9042    x$fpl$trapveneer    fz_wm.l(trapv.o)
    0x0800df3a   0x0800df3a   0x00000000   Code   RO         8847    x$fpl$usenofp       fz_wm.l(usenofp.o)
    0x0800df3a   0x0800df3a   0x00000002   PAD
    0x0800df3c   0x0800df3c   0x00000048   Data   RO          310    .constdata          freertos.o
    0x0800df84   0x0800df84   0x00000008   Data   RO         1724    .constdata          stm32f4xx_hal_dma.o
    0x0800df8c   0x0800df8c   0x00000010   Data   RO         4558    .constdata          system_stm32f4xx.o
    0x0800df9c   0x0800df9c   0x00000008   Data   RO         4559    .constdata          system_stm32f4xx.o
    0x0800dfa4   0x0800dfa4   0x00000012   Data   RO         7234    .constdata          bmi088driver.o
    0x0800dfb6   0x0800dfb6   0x0000000c   Data   RO         7541    .constdata          ist8310driver.o
    0x0800dfc2   0x0800dfc2   0x00000820   Data   RO         7696    .constdata          oled.o
    0x0800e7e2   0x0800e7e2   0x00000002   PAD
    0x0800e7e4   0x0800e7e4   0x0000000c   Data   RO         8204    .constdata          ins_task.o
    0x0800e7f0   0x0800e7f0   0x000000fc   Data   RO         8479    .constdata          start_task.o
    0x0800e8ec   0x0800e8ec   0x00000011   Data   RO         8632    .constdata          c_w.l(__printf_flags_ss_wp.o)
    0x0800e8fd   0x0800e8fd   0x00000003   PAD
    0x0800e900   0x0800e900   0x00000088   Data   RO         8708    .constdata          m_wm.l(pow.o)
    0x0800e988   0x0800e988   0x00000008   Data   RO         8888    .constdata          m_wm.l(qnan.o)
    0x0800e990   0x0800e990   0x00000018   Data   RO          311    .conststring        freertos.o
    0x0800e9a8   0x0800e9a8   0x00000070   Data   RO         8322    .conststring        monitor_task.o
    0x0800ea18   0x0800ea18   0x0000005c   Data   RO         8481    .conststring        start_task.o
    0x0800ea74   0x0800ea74   0x00000020   Data   RO         9113    Region$$Table       anon$$obj.o


    Execution Region RW_IRAM1 (Exec base: 0x20000000, Load base: 0x0800ea94, Size: 0x000086c8, Max: 0x0001c000, ABSOLUTE, COMPRESSED[0x00000108])

    Exec Addr    Load Addr    Size         Type   Attr      Idx    E Section Name        Object

    0x20000000   COMPRESSED   0x00000008   Data   RW           17    .data               main.o
    0x20000008   COMPRESSED   0x00000008   Data   RW          312    .data               freertos.o
    0x20000010   COMPRESSED   0x00000014   Data   RW          376    .data               can.o
    0x20000024   COMPRESSED   0x00000008   Data   RW          377    .data               can.o
    0x2000002c   COMPRESSED   0x00000008   Data   RW          378    .data               can.o
    0x20000034   COMPRESSED   0x00000004   PAD
    0x20000038   COMPRESSED   0x00000008   Data   RW          571    .data               tim.o
    0x20000040   COMPRESSED   0x00000004   Data   RW          703    .data               usart.o
    0x20000044   COMPRESSED   0x00000004   Data   RW          706    .data               usart.o
    0x20000048   COMPRESSED   0x00000002   Data   RW          823    .data               stm32f4xx_it.o
    0x2000004a   COMPRESSED   0x00000002   PAD
    0x2000004c   COMPRESSED   0x0000000c   Data   RW         2151    .data               stm32f4xx_hal.o
    0x20000058   COMPRESSED   0x00000004   Data   RW         4513    .data               delay.o
    0x2000005c   COMPRESSED   0x00000004   Data   RW         4560    .data               system_stm32f4xx.o
    0x20000060   COMPRESSED   0x00000044   Data   RW         5231    .data               tasks.o
    0x200000a4   COMPRESSED   0x00000014   Data   RW         5599    .data               timers.o
    0x200000b8   COMPRESSED   0x00000004   Data   RW         5822    .data               cmsis_os2.o
    0x200000bc   COMPRESSED   0x00000020   Data   RW         6261    .data               heap_4.o
    0x200000dc   COMPRESSED   0x0000000c   Data   RW         6317    .data               port.o
    0x200000e8   COMPRESSED   0x0000000c   Data   RW         6554    .data               can2_app.o
    0x200000f4   COMPRESSED   0x00000014   Data   RW         6810    .data               mahonyahrs.o
    0x20000108   COMPRESSED   0x00000080   Data   RW         6960    .data               pid.o
    0x20000188   COMPRESSED   0x00000080   Data   RW         6961    .data               pid.o
    0x20000208   COMPRESSED   0x0000002c   Data   RW         7235    .data               bmi088driver.o
    0x20000234   COMPRESSED   0x00000004   Data   RW         7950    .data               connect_task.o
    0x20000238   COMPRESSED   0x000000f4   Data   RW         8049    .data               gimbal_task.o
    0x2000032c   COMPRESSED   0x000000ac   Data   RW         8206    .data               ins_task.o
    0x200003d8   COMPRESSED   0x00000070   Data   RW         8323    .data               monitor_task.o
    0x20000448   COMPRESSED   0x00000014   Data   RW         8392    .data               shoot_task.o
    0x2000045c   COMPRESSED   0x0000001c   Data   RW         8483    .data               start_task.o
    0x20000478   COMPRESSED   0x00000008   Data   RW         8564    .data               adjust_task.o
    0x20000480        -       0x00000088   Zero   RW          372    .bss                can.o
    0x20000508        -       0x00000018   Zero   RW          373    .bss                can.o
    0x20000520        -       0x00000018   Zero   RW          374    .bss                can.o
    0x20000538        -       0x00000018   Zero   RW          375    .bss                can.o
    0x20000550        -       0x00000054   Zero   RW          459    .bss                i2c.o
    0x200005a4        -       0x00000118   Zero   RW          503    .bss                spi.o
    0x200006bc        -       0x00000120   Zero   RW          570    .bss                tim.o
    0x200007dc        -       0x000002a8   Zero   RW          700    .bss                usart.o
    0x20000a84        -       0x00000014   Zero   RW          822    .bss                stm32f4xx_it.o
    0x20000a98        -       0x00000048   Zero   RW          980    .bss                stm32f4xx_hal_timebase_tim.o
    0x20000ae0        -       0x00000040   Zero   RW         4799    .bss                queue.o
    0x20000b20        -       0x000004c4   Zero   RW         5230    .bss                tasks.o
    0x20000fe4        -       0x00000118   Zero   RW         5598    .bss                timers.o
    0x200010fc        -       0x000006c8   Zero   RW         5821    .bss                cmsis_os2.o
    0x200017c4        -       0x00006000   Zero   RW         6260    .bss                heap_4.o
    0x200077c4        -       0x0000002c   Zero   RW         6393    .bss                remote_app.o
    0x200077f0        -       0x000000f0   Zero   RW         6470    .bss                can1_app.o
    0x200078e0        -       0x000000d0   Zero   RW         6553    .bss                can2_app.o
    0x200079b0        -       0x0000000a   Zero   RW         6624    .bss                rule.o
    0x200079ba   COMPRESSED   0x00000002   PAD
    0x200079bc        -       0x00000084   Zero   RW         7949    .bss                connect_task.o
    0x20007a40        -       0x000001a0   Zero   RW         8047    .bss                gimbal_task.o
    0x20007be0        -       0x00000128   Zero   RW         8200    .bss                ins_task.o
    0x20007d08        -       0x000001b8   Zero   RW         8390    .bss                shoot_task.o
    0x20007ec0        -       0x00000190   Zero   RW         8525    .bss                test_task.o
    0x20008050        -       0x00000014   Zero   RW         8563    .bss                adjust_task.o
    0x20008064        -       0x00000060   Zero   RW         8927    .bss                c_w.l(libspace.o)
    0x200080c4   COMPRESSED   0x00000004   PAD
    0x200080c8        -       0x00000200   Zero   RW            2    HEAP                startup_stm32f407xx.o
    0x200082c8        -       0x00000400   Zero   RW            1    STACK               startup_stm32f407xx.o


    Execution Region RW_IRAM2 (Exec base: 0x2001c000, Load base: 0x0800eb9c, Size: 0x00000000, Max: 0x00004000, ABSOLUTE)

    **** No section assigned to this execution region ****


==============================================================================

Image component sizes


      Code (inc. data)   RO Data    RW Data    ZI Data      Debug   Object Name

       396         42          0          8         20       2369   adjust_task.o
      2166         34         18         44          0      15267   bmi088driver.o
       230         40          0          0          0       5664   bmi088middleware.o
       596         64          0         36        208       4373   can.o
       408         42          0          0        240       5448   can1_app.o
       714         68          0         12        208       7817   can2_app.o
       482         22          0          4       1736      54199   cmsis_os2.o
       928         96          0          4        132      11468   connect_task.o
       164         14          0          4          0       2131   delay.o
       140          4          0          0          0        894   dma.o
         0          0          0          0          0      20872   event_groups.o
        86         24         96          8          0       3541   freertos.o
      2408        248          0        244        416      16377   gimbal_task.o
       404         32          0          0          0       1731   gpio.o
       472         24          0         32      24576       5003   heap_4.o
       212         32          0          0         84       1817   i2c.o
      2932        194         12        172        296      14809   ins_task.o
       128          6         12          0          0       2095   ist8310driver.o
       186         32          0          0          0       4831   ist8310driver_middleware.o
       138          0          0          0          0       3682   list.o
      1416         36          0         20          0       4373   mahonyahrs.o
       352         30          0          8          0     745119   main.o
       444         40        112        112          0       5172   monitor_task.o
       790         32       2080          0          0      15562   oled.o
       292          6          0        256          0       3121   pid.o
       786         82          0         12          0      11769   port.o
      1514         20          0          0         64      17748   queue.o
       292          8          0          0         44       7427   remote_app.o
       148         26          0          0         10       2385   rule.o
      1330         78          0         20        440       9194   shoot_task.o
         0          0          0          0          0       5702   sortaver_filter.o
      5284         88          0          0        280       4445   spi.o
       156         36        344         28          0       2295   start_task.o
        64         26        392          0       1536        864   startup_stm32f407xx.o
        80         14          0         12          0       8210   stm32f4xx_hal.o
      1658          6          0          0          0      14703   stm32f4xx_hal_can.o
       182         14          0          0          0      33924   stm32f4xx_hal_cortex.o
      1084         16          8          0          0       7546   stm32f4xx_hal_dma.o
       530         52          0          0          0       2907   stm32f4xx_hal_gpio.o
      2174         52          0          0          0      13210   stm32f4xx_hal_i2c.o
        56          4          0          0          0        910   stm32f4xx_hal_msp.o
      1412         86          0          0          0       6053   stm32f4xx_hal_rcc.o
       942         12          0          0          0       5021   stm32f4xx_hal_spi.o
      2138        166          0          0          0      17573   stm32f4xx_hal_tim.o
       232         28          0          0          0       3389   stm32f4xx_hal_tim_ex.o
       152         18          0          0         72       1547   stm32f4xx_hal_timebase_tim.o
      2236         30          0          0          0      17959   stm32f4xx_hal_uart.o
       368         86          0          2         20      11788   stm32f4xx_it.o
         0          0          0          0          0       8300   stream_buffer.o
        16          4         24          4          0       1195   system_stm32f4xx.o
      3732        292          0         68       1220      41742   tasks.o
        32          6          0          0        400       2975   test_task.o
       968        118          0          8        288       7997   tim.o
      1102         80          0         20        280      30734   timers.o
      1118        106          0          8        680       9322   usart.o
         0          0          0          0          0        584   user_lib.o

    ----------------------------------------------------------------------
     46344       2716       3132       1152      33252    1267153   Object Totals
         0          0         32          0          0          0   (incl. Generated)
        74          0          2          6          2          0   (incl. Padding)

    ----------------------------------------------------------------------

      Code (inc. data)   RO Data    RW Data    ZI Data      Debug   Library Member Name

        44          6          0          0          0         84   __2sprintf.o
        90          0          0          0          0          0   __dczerorl2.o
         8          0          0          0          0         68   __main.o
       392          4         17          0          0         92   __printf_flags_ss_wp.o
        14          0          0          0          0         68   __printf_wp.o
         0          0          0          0          0          0   __rtentry.o
        12          0          0          0          0          0   __rtentry2.o
         6          0          0          0          0          0   __rtentry4.o
        52          8          0          0          0          0   __scatter.o
        28          0          0          0          0          0   __scatter_zi.o
        48          6          0          0          0         96   _printf_char_common.o
       120         16          0          0          0         92   _printf_dec.o
       178          0          0          0          0         88   _printf_intcommon.o
         0          0          0          0          0          0   _printf_percent.o
         4          0          0          0          0          0   _printf_percent_end.o
         6          0          0          0          0          0   _printf_u.o
        22          0          0          0          0        100   _rserrno.o
        10          0          0          0          0         68   _sputc.o
        16          0          0          0          0         68   aeabi_memset.o
        18          0          0          0          0         80   exit.o
         6          0          0          0          0        152   heapauxi.o
         2          0          0          0          0          0   libinit.o
         6          0          0          0          0          0   libinit2.o
         2          0          0          0          0          0   libshutdown.o
         2          0          0          0          0          0   libshutdown2.o
         8          4          0          0         96         68   libspace.o
       238          0          0          0          0        100   lludivv7m.o
         8          4          0          0          0         68   rt_errno_addr_intlibspace.o
        68          0          0          0          0         68   rt_memclr.o
        78          0          0          0          0         80   rt_memclr_w.o
       138          0          0          0          0         68   rt_memcpy_v6.o
       100          0          0          0          0         80   rt_memcpy_w.o
         2          0          0          0          0          0   rtexit.o
        10          0          0          0          0          0   rtexit2.o
        72          0          0          0          0         80   strcpy.o
        62          0          0          0          0         76   strlen.o
        74          0          0          0          0         80   sys_stackheap_outer.o
         2          0          0          0          0         68   use_no_semi.o
         2          0          0          0          0         68   use_no_semi_2.o
        24          0          0          0          0        164   basic.o
        98          4          0          0          0        140   d2f.o
       826         16          0          0          0        492   daddsub_clz.o
        16          4          0          0          0        116   dcheck1.o
        24          0          0          0          0        116   dcmpi.o
       688        140          0          0          0        256   ddiv.o
        84          0          0          0          0        232   dflt_clz.o
       120          4          0          0          0        140   dleqf.o
       340         12          0          0          0        152   dmul.o
       156          4          0          0          0        140   dnaninf.o
        12          0          0          0          0        116   dretinf.o
       108          0          0          0          0        128   drleqf.o
       408         56          0          0          0        168   dsqrt_umaal.o
        86          4          0          0          0        132   f2d.o
       140          4          0          0          0        132   fnaninf.o
        10          0          0          0          0        116   fpinit.o
        10          0          0          0          0        116   fretinf.o
       100          0          0          0          0        116   retnan.o
        92          0          0          0          0        116   scalbn.o
        48          0          0          0          0        116   trapv.o
         0          0          0          0          0          0   usenofp.o
       300         42          0          0          0        176   asinf.o
       684         90          0          0          0        208   atan2f.o
       164         44          0          0          0        620   dunder.o
        24          0          0          0          0        124   fabs.o
        48          0          0          0          0        124   fpclassify.o
        38          0          0          0          0        116   fpclassifyf.o
        44         12          0          0          0        464   funder.o
       248          0          0          0          0        152   poly.o
      3152        296        136          0          0        352   pow.o
         0          0          8          0          0          0   qnan.o
       232          0          0          0          0        296   sqrt.o
       120          0          0          0          0        272   sqrtf.o

    ----------------------------------------------------------------------
     10412        780        164          0        100       8068   Library Totals
        20          0          3          0          4          0   (incl. Padding)

    ----------------------------------------------------------------------

      Code (inc. data)   RO Data    RW Data    ZI Data      Debug   Library Name

      1948         48         17          0         96       1960   c_w.l
      3390        248          0          0          0       3204   fz_wm.l
      5054        484        144          0          0       2904   m_wm.l

    ----------------------------------------------------------------------
     10412        780        164          0        100       8068   Library Totals

    ----------------------------------------------------------------------

==============================================================================


      Code (inc. data)   RO Data    RW Data    ZI Data      Debug   

     56756       3496       3296       1152      33352    1231681   Grand Totals
     56756       3496       3296        264      33352    1231681   ELF Image Totals (compressed)
     56756       3496       3296        264          0          0   ROM Totals

==============================================================================

    Total RO  Size (Code + RO Data)                60052 (  58.64kB)
    Total RW  Size (RW Data + ZI Data)             34504 (  33.70kB)
    Total ROM Size (Code + RO Data + RW Data)      60316 (  58.90kB)

==============================================================================

